Archive member included to satisfy reference by file (symbol)

C:/ST/STM32CubeIDE_1.14.0/STM32CubeIDE/plugins/com.st.stm32cube.ide.mcu.externaltools.gnu-tools-for-stm32.11.3.rel1.win32_1.1.100.202309141235/tools/bin/../lib/gcc/arm-none-eabi/11.3.1/../../../../arm-none-eabi/lib/thumb/v7e-m+fp/hard\libc_nano.a(libc_a-exit.o)
                              C:/ST/STM32CubeIDE_1.14.0/STM32CubeIDE/plugins/com.st.stm32cube.ide.mcu.externaltools.gnu-tools-for-stm32.11.3.rel1.win32_1.1.100.202309141235/tools/bin/../lib/gcc/arm-none-eabi/11.3.1/../../../../arm-none-eabi/lib/thumb/v7e-m+fp/hard/crt0.o (exit)
C:/ST/STM32CubeIDE_1.14.0/STM32CubeIDE/plugins/com.st.stm32cube.ide.mcu.externaltools.gnu-tools-for-stm32.11.3.rel1.win32_1.1.100.202309141235/tools/bin/../lib/gcc/arm-none-eabi/11.3.1/../../../../arm-none-eabi/lib/thumb/v7e-m+fp/hard\libc_nano.a(libc_a-findfp.o)
                              C:/ST/STM32CubeIDE_1.14.0/STM32CubeIDE/plugins/com.st.stm32cube.ide.mcu.externaltools.gnu-tools-for-stm32.11.3.rel1.win32_1.1.100.202309141235/tools/bin/../lib/gcc/arm-none-eabi/11.3.1/../../../../arm-none-eabi/lib/thumb/v7e-m+fp/hard\libc_nano.a(libc_a-exit.o) (__stdio_exit_handler)
C:/ST/STM32CubeIDE_1.14.0/STM32CubeIDE/plugins/com.st.stm32cube.ide.mcu.externaltools.gnu-tools-for-stm32.11.3.rel1.win32_1.1.100.202309141235/tools/bin/../lib/gcc/arm-none-eabi/11.3.1/../../../../arm-none-eabi/lib/thumb/v7e-m+fp/hard\libc_nano.a(libc_a-fwalk.o)
                              C:/ST/STM32CubeIDE_1.14.0/STM32CubeIDE/plugins/com.st.stm32cube.ide.mcu.externaltools.gnu-tools-for-stm32.11.3.rel1.win32_1.1.100.202309141235/tools/bin/../lib/gcc/arm-none-eabi/11.3.1/../../../../arm-none-eabi/lib/thumb/v7e-m+fp/hard\libc_nano.a(libc_a-findfp.o) (_fwalk_sglue)
C:/ST/STM32CubeIDE_1.14.0/STM32CubeIDE/plugins/com.st.stm32cube.ide.mcu.externaltools.gnu-tools-for-stm32.11.3.rel1.win32_1.1.100.202309141235/tools/bin/../lib/gcc/arm-none-eabi/11.3.1/../../../../arm-none-eabi/lib/thumb/v7e-m+fp/hard\libc_nano.a(libc_a-stdio.o)
                              C:/ST/STM32CubeIDE_1.14.0/STM32CubeIDE/plugins/com.st.stm32cube.ide.mcu.externaltools.gnu-tools-for-stm32.11.3.rel1.win32_1.1.100.202309141235/tools/bin/../lib/gcc/arm-none-eabi/11.3.1/../../../../arm-none-eabi/lib/thumb/v7e-m+fp/hard\libc_nano.a(libc_a-findfp.o) (__sread)
C:/ST/STM32CubeIDE_1.14.0/STM32CubeIDE/plugins/com.st.stm32cube.ide.mcu.externaltools.gnu-tools-for-stm32.11.3.rel1.win32_1.1.100.202309141235/tools/bin/../lib/gcc/arm-none-eabi/11.3.1/../../../../arm-none-eabi/lib/thumb/v7e-m+fp/hard\libc_nano.a(libc_a-memset.o)
                              C:/ST/STM32CubeIDE_1.14.0/STM32CubeIDE/plugins/com.st.stm32cube.ide.mcu.externaltools.gnu-tools-for-stm32.11.3.rel1.win32_1.1.100.202309141235/tools/bin/../lib/gcc/arm-none-eabi/11.3.1/../../../../arm-none-eabi/lib/thumb/v7e-m+fp/hard/crt0.o (memset)
C:/ST/STM32CubeIDE_1.14.0/STM32CubeIDE/plugins/com.st.stm32cube.ide.mcu.externaltools.gnu-tools-for-stm32.11.3.rel1.win32_1.1.100.202309141235/tools/bin/../lib/gcc/arm-none-eabi/11.3.1/../../../../arm-none-eabi/lib/thumb/v7e-m+fp/hard\libc_nano.a(libc_a-closer.o)
                              C:/ST/STM32CubeIDE_1.14.0/STM32CubeIDE/plugins/com.st.stm32cube.ide.mcu.externaltools.gnu-tools-for-stm32.11.3.rel1.win32_1.1.100.202309141235/tools/bin/../lib/gcc/arm-none-eabi/11.3.1/../../../../arm-none-eabi/lib/thumb/v7e-m+fp/hard\libc_nano.a(libc_a-stdio.o) (_close_r)
C:/ST/STM32CubeIDE_1.14.0/STM32CubeIDE/plugins/com.st.stm32cube.ide.mcu.externaltools.gnu-tools-for-stm32.11.3.rel1.win32_1.1.100.202309141235/tools/bin/../lib/gcc/arm-none-eabi/11.3.1/../../../../arm-none-eabi/lib/thumb/v7e-m+fp/hard\libc_nano.a(libc_a-reent.o)
                              C:/ST/STM32CubeIDE_1.14.0/STM32CubeIDE/plugins/com.st.stm32cube.ide.mcu.externaltools.gnu-tools-for-stm32.11.3.rel1.win32_1.1.100.202309141235/tools/bin/../lib/gcc/arm-none-eabi/11.3.1/../../../../arm-none-eabi/lib/thumb/v7e-m+fp/hard\libc_nano.a(libc_a-closer.o) (errno)
C:/ST/STM32CubeIDE_1.14.0/STM32CubeIDE/plugins/com.st.stm32cube.ide.mcu.externaltools.gnu-tools-for-stm32.11.3.rel1.win32_1.1.100.202309141235/tools/bin/../lib/gcc/arm-none-eabi/11.3.1/../../../../arm-none-eabi/lib/thumb/v7e-m+fp/hard\libc_nano.a(libc_a-impure.o)
                              C:/ST/STM32CubeIDE_1.14.0/STM32CubeIDE/plugins/com.st.stm32cube.ide.mcu.externaltools.gnu-tools-for-stm32.11.3.rel1.win32_1.1.100.202309141235/tools/bin/../lib/gcc/arm-none-eabi/11.3.1/../../../../arm-none-eabi/lib/thumb/v7e-m+fp/hard\libc_nano.a(libc_a-reent.o) (_impure_ptr)
C:/ST/STM32CubeIDE_1.14.0/STM32CubeIDE/plugins/com.st.stm32cube.ide.mcu.externaltools.gnu-tools-for-stm32.11.3.rel1.win32_1.1.100.202309141235/tools/bin/../lib/gcc/arm-none-eabi/11.3.1/../../../../arm-none-eabi/lib/thumb/v7e-m+fp/hard\libc_nano.a(libc_a-lseekr.o)
[...]
Memory Configuration

Name             Origin             Length             Attributes
RAM              0x0000000020000000 0x0000000000050000 xrw
FLASH            0x0000000008000000 0x0000000000100000 xr
*default*        0x0000000000000000 0xffffffffffffffff

Linker script and memory map

LOAD C:/ST/STM32CubeIDE_1.14.0/STM32CubeIDE/plugins/com.st.stm32cube.ide.mcu.externaltools.gnu-tools-for-stm32.11.3.rel1.win32_1.1.100.202309141235/tools/bin/../lib/gcc/arm-none-eabi/11.3.1/thumb/v7e-m+fp/hard/crti.o
LOAD C:/ST/STM32CubeIDE_1.14.0/STM32CubeIDE/plugins/com.st.stm32cube.ide.mcu.externaltools.gnu-tools-for-stm32.11.3.rel1.win32_1.1.100.202309141235/tools/bin/../lib/gcc/arm-none-eabi/11.3.1/thumb/v7e-m+fp/hard/crtbegin.o
LOAD C:/ST/STM32CubeIDE_1.14.0/STM32CubeIDE/plugins/com.st.stm32cube.ide.mcu.externaltools.gnu-tools-for-stm32.11.3.rel1.win32_1.1.100.202309141235/tools/bin/../lib/gcc/arm-none-eabi/11.3.1/../../../../arm-none-eabi/lib/thumb/v7e-m+fp/hard/crt0.o
LOAD ./Core/Src/main.o
LOAD ./Core/Src/stm32f7xx_hal_msp.o
LOAD ./Core/Src/stm32f7xx_hal_timebase_tim.o
LOAD ./Core/Src/stm32f7xx_it.o
LOAD ./Core/Src/syscalls.o
LOAD ./Core/Src/sysmem.o
LOAD ./Core/Src/system_stm32f7xx.o
LOAD ./Core/Startup/startup_stm32f746nghx.o
LOAD ./Drivers/BSP/Components/ft5336/ft5336.o
LOAD ./Drivers/BSP/Components/wm8994/wm8994.o
LOAD ./Drivers/BSP/STM32746G-Discovery/stm32746g_discovery.o
LOAD ./Drivers/BSP/STM32746G-Discovery/stm32746g_discovery_audio.o
LOAD ./Drivers/BSP/STM32746G-Discovery/stm32746g_discovery_lcd.o
LOAD ./Drivers/BSP/STM32746G-Discovery/stm32746g_discovery_sdram.o
LOAD ./Drivers/BSP/STM32746G-Discovery/stm32746g_discovery_ts.o
LOAD ./Drivers/STM32F7xx_HAL_Driver/Src/stm32f7xx_hal.o
LOAD ./Drivers/STM32F7xx_HAL_Driver/Src/stm32f7xx_hal_cortex.o
LOAD ./Drivers/STM32F7xx_HAL_Driver/Src/stm32f7xx_hal_dma.o
LOAD ./Drivers/STM32F7xx_HAL_Driver/Src/stm32f7xx_hal_dma2d.o
LOAD ./Drivers/STM32F7xx_HAL_Driver/Src/stm32f7xx_hal_dma_ex.o
LOAD ./Drivers/STM32F7xx_HAL_Driver/Src/stm32f7xx_hal_dsi.o
LOAD ./Drivers/STM32F7xx_HAL_Driver/Src/stm32f7xx_hal_exti.o
LOAD ./Drivers/STM32F7xx_HAL_Driver/Src/stm32f7xx_hal_flash.o
LOAD ./Drivers/STM32F7xx_HAL_Driver/Src/stm32f7xx_hal_flash_ex.o
LOAD ./Drivers/STM32F7xx_HAL_Driver/Src/stm32f7xx_hal_gpio.o
LOAD ./Drivers/STM32F7xx_HAL_Driver/Src/stm32f7xx_hal_i2c.o
LOAD ./Drivers/STM32F7xx_HAL_Driver/Src/stm32f7xx_hal_i2c_ex.o
LOAD ./Drivers/STM32F7xx_HAL_Driver/Src/stm32f7xx_hal_ltdc.o
LOAD ./Drivers/STM32F7xx_HAL_Driver/Src/stm32f7xx_hal_ltdc_ex.o
LOAD ./Drivers/STM32F7xx_HAL_Driver/Src/stm32f7xx_hal_pwr.o
LOAD ./Drivers/STM32F7xx_HAL_Driver/Src/stm32f7xx_hal_pwr_ex.o
LOAD ./Drivers/STM32F7xx_HAL_Driver/Src/stm32f7xx_hal_rcc.o
LOAD ./Drivers/STM32F7xx_HAL_Driver/Src/stm32f7xx_hal_rcc_ex.o
LOAD ./Drivers/STM32F7xx_HAL_Driver/Src/stm32f7xx_hal_sai.o
LOAD ./Drivers/STM32F7xx_HAL_Driver/Src/stm32f7xx_hal_sai_ex.o
LOAD ./Drivers/STM32F7xx_HAL_Driver/Src/stm32f7xx_hal_sdram.o
LOAD ./Drivers/STM32F7xx_HAL_Driver/Src/stm32f7xx_hal_tim.o
LOAD ./Drivers/STM32F7xx_HAL_Driver/Src/stm32f7xx_hal_tim_ex.o
LOAD ./Drivers/STM32F7xx_HAL_Driver/Src/stm32f7xx_hal_uart.o
LOAD ./Drivers/STM32F7xx_HAL_Driver/Src/stm32f7xx_hal_uart_ex.o
LOAD ./Drivers/STM32F7xx_HAL_Driver/Src/stm32f7xx_ll_fmc.o
START GROUP
LOAD C:/ST/STM32CubeIDE_1.14.0/STM32CubeIDE/plugins/com.st.stm32cube.ide.mcu.externaltools.gnu-tools-for-stm32.11.3.rel1.win32_1.1.100.202309141235/tools/bin/../lib/gcc/arm-none-eabi/11.3.1/../../../../arm-none-eabi/lib/thumb/v7e-m+fp/hard\libstdc++_nano.a
LOAD C:/ST/STM32CubeIDE_1.14.0/STM32CubeIDE/plugins/com.st.stm32cube.ide.mcu.externaltools.gnu-tools-for-stm32.11.3.rel1.win32_1.1.100.202309141235/tools/bin/../lib/gcc/arm-none-eabi/11.3.1/../../../../arm-none-eabi/lib/thumb/v7e-m+fp/hard\libsupc++_nano.a
END GROUP
LOAD C:/ST/STM32CubeIDE_1.14.0/STM32CubeIDE/plugins/com.st.stm32cube.ide.mcu.externaltools.gnu-tools-for-stm32.11.3.rel1.win32_1.1.100.202309141235/tools/bin/../lib/gcc/arm-none-eabi/11.3.1/../../../../arm-none-eabi/lib/thumb/v7e-m+fp/hard\libstdc++_nano.a
LOAD C:/ST/STM32CubeIDE_1.14.0/STM32CubeIDE/plugins/com.st.stm32cube.ide.mcu.externaltools.gnu-tools-for-stm32.11.3.rel1.win32_1.1.100.202309141235/tools/bin/../lib/gcc/arm-none-eabi/11.3.1/../../../../arm-none-eabi/lib/thumb/v7e-m+fp/hard\libm.a
LOAD C:/ST/STM32CubeIDE_1.14.0/STM32CubeIDE/plugins/com.st.stm32cube.ide.mcu.externaltools.gnu-tools-for-stm32.11.3.rel1.win32_1.1.100.202309141235/tools/bin/../lib/gcc/arm-none-eabi/11.3.1/../../../../arm-none-eabi/lib/thumb/v7e-m+fp/hard\libc_nano.a
START GROUP
LOAD C:/ST/STM32CubeIDE_1.14.0/STM32CubeIDE/plugins/com.st.stm32cube.ide.mcu.externaltools.gnu-tools-for-stm32.11.3.rel1.win32_1.1.100.202309141235/tools/bin/../lib/gcc/arm-none-eabi/11.3.1/thumb/v7e-m+fp/hard\libgcc.a
LOAD C:/ST/STM32CubeIDE_1.14.0/STM32CubeIDE/plugins/com.st.stm32cube.ide.mcu.externaltools.gnu-tools-for-stm32.11.3.rel1.win32_1.1.100.202309141235/tools/bin/../lib/gcc/arm-none-eabi/11.3.1/../../../../arm-none-eabi/lib/thumb/v7e-m+fp/hard\libc_nano.a
END GROUP
START GROUP
LOAD C:/ST/STM32CubeIDE_1.14.0/STM32CubeIDE/plugins/com.st.stm32cube.ide.mcu.externaltools.gnu-tools-for-stm32.11.3.rel1.win32_1.1.100.202309141235/tools/bin/../lib/gcc/arm-none-eabi/11.3.1/thumb/v7e-m+fp/hard\libgcc.a
LOAD C:/ST/STM32CubeIDE_1.14.0/STM32CubeIDE/plugins/com.st.stm32cube.ide.mcu.externaltools.gnu-tools-for-stm32.11.3.rel1.win32_1.1.100.202309141235/tools/bin/../lib/gcc/arm-none-eabi/11.3.1/../../../../arm-none-eabi/lib/thumb/v7e-m+fp/hard\libc_nano.a
LOAD C:/ST/STM32CubeIDE_1.14.0/STM32CubeIDE/plugins/com.st.stm32cube.ide.mcu.externaltools.gnu-tools-for-stm32.11.3.rel1.win32_1.1.100.202309141235/tools/bin/../lib/gcc/arm-none-eabi/11.3.1/../../../../arm-none-eabi/lib/thumb/v7e-m+fp/hard\libnosys.a
END GROUP
START GROUP
LOAD C:/ST/STM32CubeIDE_1.14.0/STM32CubeIDE/plugins/com.st.stm32cube.ide.mcu.externaltools.gnu-tools-for-stm32.11.3.rel1.win32_1.1.100.202309141235/tools/bin/../lib/gcc/arm-none-eabi/11.3.1/thumb/v7e-m+fp/hard\libgcc.a
LOAD C:/ST/STM32CubeIDE_1.14.0/STM32CubeIDE/plugins/com.st.stm32cube.ide.mcu.externaltools.gnu-tools-for-stm32.11.3.rel1.win32_1.1.100.202309141235/tools/bin/../lib/gcc/arm-none-eabi/11.3.1/../../../../arm-none-eabi/lib/thumb/v7e-m+fp/hard\libc_nano.a
LOAD C:/ST/STM32CubeIDE_1.14.0/STM32CubeIDE/plugins/com.st.stm32cube.ide.mcu.externaltools.gnu-tools-for-stm32.11.3.rel1.win32_1.1.100.202309141235/tools/bin/../lib/gcc/arm-none-eabi/11.3.1/../../../../arm-none-eabi/lib/thumb/v7e-m+fp/hard\libnosys.a
END GROUP
LOAD C:/ST/STM32CubeIDE_1.14.0/STM32CubeIDE/plugins/com.st.stm32cube.ide.mcu.externaltools.gnu-tools-for-stm32.11.3.rel1.win32_1.1.100.202309141235/tools/bin/../lib/gcc/arm-none-eabi/11.3.1/thumb/v7e-m+fp/hard/crtend.o
LOAD C:/ST/STM32CubeIDE_1.14.0/STM32CubeIDE/plugins/com.st.stm32cube.ide.mcu.externaltools.gnu-tools-for-stm32.11.3.rel1.win32_1.1.100.202309141235/tools/bin/../lib/gcc/arm-none-eabi/11.3.1/thumb/v7e-m+fp/hard/crtn.o
                0x0000000020050000                _estack = (ORIGIN (RAM) + LENGTH (RAM))
                0x0000000000000200                _Min_Heap_Size = 0x200
                0x0000000000000400                _Min_Stack_Size = 0x400

.isr_vector     0x0000000008000000      0x1c8
                0x0000000008000000                . = ALIGN (0x4)
 *(.isr_vector)
 .isr_vector    0x0000000008000000      0x1c8 ./Core/Startup/startup_stm32f746nghx.o
                0x0000000008000000                g_pfnVectors
                0x00000000080001c8                . = ALIGN (0x4)

.text           0x00000000080001c8     0x843c
                0x00000000080001c8                . = ALIGN (0x4)
 *(.text)
 .text          0x00000000080001c8       0x40 C:/ST/STM32CubeIDE_1.14.0/STM32CubeIDE/plugins/com.st.stm32cube.ide.mcu.externaltools.gnu-tools-for-stm32.11.3.rel1.win32_1.1.100.202309141235/tools/bin/../lib/gcc/arm-none-eabi/11.3.1/thumb/v7e-m+fp/hard/crtbegin.o
 .text          0x0000000008000208       0x30 C:/ST/STM32CubeIDE_1.14.0/STM32CubeIDE/plugins/com.st.stm32cube.ide.mcu.externaltools.gnu-tools-for-stm32.11.3.rel1.win32_1.1.100.202309141235/tools/bin/../lib/gcc/arm-none-eabi/11.3.1/thumb/v7e-m+fp/hard\libgcc.a(_aeabi_uldivmod.o)
                0x0000000008000208                __aeabi_uldivmod
 .text          0x0000000008000238      0x2c8 C:/ST/STM32CubeIDE_1.14.0/STM32CubeIDE/plugins/com.st.stm32cube.ide.mcu.externaltools.gnu-tools-for-stm32.11.3.rel1.win32_1.1.100.202309141235/tools/bin/../lib/gcc/arm-none-eabi/11.3.1/thumb/v7e-m+fp/hard\libgcc.a(_udivmoddi4.o)
                0x0000000008000238                __udivmoddi4
 .text          0x0000000008000500        0x4 C:/ST/STM32CubeIDE_1.14.0/STM32CubeIDE/plugins/com.st.stm32cube.ide.mcu.externaltools.gnu-tools-for-stm32.11.3.rel1.win32_1.1.100.202309141235/tools/bin/../lib/gcc/arm-none-eabi/11.3.1/thumb/v7e-m+fp/hard\libgcc.a(_dvmd_tls.o)
                0x0000000008000500                __aeabi_idiv0
                0x0000000008000500                __aeabi_ldiv0
 *(.text*)
 .text.main     0x0000000008000504       0x52 ./Core/Src/main.o
                0x0000000008000504                main
 *fill*         0x0000000008000556        0x2 
 .text.SystemClock_Config
                0x0000000008000558       0xd8 ./Core/Src/main.o
                0x0000000008000558                SystemClock_Config
 .text.PeriphCommonClock_Config
                0x0000000008000630       0x50 ./Core/Src/main.o
                0x0000000008000630                PeriphCommonClock_Config
 .text.MX_DMA2D_Init
                0x0000000008000680       0x64 ./Core/Src/main.o
 .text.MX_LTDC_Init
                0x00000000080006e4      0x164 ./Core/Src/main.o
 .text.MX_SAI2_Init
                0x0000000008000848      0x150 ./Core/Src/main.o
 .text.MX_USART1_UART_Init
                0x0000000008000998       0x60 ./Core/Src/main.o
 .text.MX_DMA_Init
                0x00000000080009f8       0x3c ./Core/Src/main.o
 .text.MX_FMC_Init
                0x0000000008000a34       0x9c ./Core/Src/main.o
 .text.MX_GPIO_Init
                0x0000000008000ad0      0x120 ./Core/Src/main.o
 .text.HAL_TIM_PeriodElapsedCallback
                0x0000000008000bf0       0x24 ./Core/Src/main.o
                0x0000000008000bf0                HAL_TIM_PeriodElapsedCallback
 .text.Error_Handler
                0x0000000008000c14        0xa ./Core/Src/main.o
                0x0000000008000c14                Error_Handler
 *fill*         0x0000000008000c1e        0x2 
 .text.HAL_MspInit
                0x0000000008000c20       0x48 ./Core/Src/stm32f7xx_hal_msp.o
                0x0000000008000c20                HAL_MspInit
 .text.HAL_DMA2D_MspInit
                0x0000000008000c68       0x40 ./Core/Src/stm32f7xx_hal_msp.o
                0x0000000008000c68                HAL_DMA2D_MspInit
 .text.HAL_LTDC_MspInit
                0x0000000008000ca8      0x274 ./Core/Src/stm32f7xx_hal_msp.o
                0x0000000008000ca8                HAL_LTDC_MspInit
 .text.HAL_UART_MspInit
                0x0000000008000f1c      0x104 ./Core/Src/stm32f7xx_hal_msp.o
                0x0000000008000f1c                HAL_UART_MspInit
 .text.HAL_FMC_MspInit
                0x0000000008001020      0x120 ./Core/Src/stm32f7xx_hal_msp.o
 .text.HAL_SDRAM_MspInit
                0x0000000008001140       0x14 ./Core/Src/stm32f7xx_hal_msp.o
                0x0000000008001140                HAL_SDRAM_MspInit
 .text.HAL_SAI_MspInit
                0x0000000008001154      0x16c ./Core/Src/stm32f7xx_hal_msp.o
                0x0000000008001154                HAL_SAI_MspInit
 .text.HAL_SAI_MspDeInit
                0x00000000080012c0       0xac ./Core/Src/stm32f7xx_hal_msp.o
                0x00000000080012c0                HAL_SAI_MspDeInit
 .text.HAL_InitTick
                0x000000000800136c       0xe4 ./Core/Src/stm32f7xx_hal_timebase_tim.o
                0x000000000800136c                HAL_InitTick
 .text.NMI_Handler
                0x0000000008001450        0x6 ./Core/Src/stm32f7xx_it.o
                0x0000000008001450                NMI_Handler
 .text.HardFault_Handler
                0x0000000008001456        0x6 ./Core/Src/stm32f7xx_it.o
                0x0000000008001456                HardFault_Handler
 .text.MemManage_Handler
                0x000000000800145c        0x6 ./Core/Src/stm32f7xx_it.o
                0x000000000800145c                MemManage_Handler
 .text.BusFault_Handler
                0x0000000008001462        0x6 ./Core/Src/stm32f7xx_it.o
                0x0000000008001462                BusFault_Handler
 .text.UsageFault_Handler
                0x0000000008001468        0x6 ./Core/Src/stm32f7xx_it.o
                0x0000000008001468                UsageFault_Handler
 .text.SVC_Handler
                0x000000000800146e        0xe ./Core/Src/stm32f7xx_it.o
                0x000000000800146e                SVC_Handler
 .text.DebugMon_Handler
                0x000000000800147c        0xe ./Core/Src/stm32f7xx_it.o
                0x000000000800147c                DebugMon_Handler
 .text.PendSV_Handler
                0x000000000800148a        0xe ./Core/Src/stm32f7xx_it.o
                0x000000000800148a                PendSV_Handler
 .text.SysTick_Handler
                0x0000000008001498        0xe ./Core/Src/stm32f7xx_it.o
                0x0000000008001498                SysTick_Handler
 *fill*         0x00000000080014a6        0x2 
 .text.TIM1_UP_TIM10_IRQHandler
                0x00000000080014a8       0x14 ./Core/Src/stm32f7xx_it.o
                0x00000000080014a8                TIM1_UP_TIM10_IRQHandler
 .text.DMA2_Stream6_IRQHandler
                0x00000000080014bc       0x14 ./Core/Src/stm32f7xx_it.o
                0x00000000080014bc                DMA2_Stream6_IRQHandler
 .text.SystemInit
                0x00000000080014d0       0x24 ./Core/Src/system_stm32f7xx.o
                0x00000000080014d0                SystemInit
 .text.Reset_Handler
                0x00000000080014f4       0x50 ./Core/Startup/startup_stm32f746nghx.o
                0x00000000080014f4                Reset_Handler
 .text.Default_Handler
                0x0000000008001544        0x2 ./Core/Startup/startup_stm32f746nghx.o
                0x0000000008001544                RTC_Alarm_IRQHandler
                0x0000000008001544                EXTI2_IRQHandler
                0x0000000008001544                TIM8_CC_IRQHandler
                0x0000000008001544                UART8_IRQHandler
                0x0000000008001544                SPI4_IRQHandler
                0x0000000008001544                TIM1_CC_IRQHandler
                0x0000000008001544                DMA2_Stream5_IRQHandler
                0x0000000008001544                DMA1_Stream5_IRQHandler
                0x0000000008001544                PVD_IRQHandler
                0x0000000008001544                TAMP_STAMP_IRQHandler
                0x0000000008001544                CAN2_RX1_IRQHandler
                0x0000000008001544                EXTI3_IRQHandler
                0x0000000008001544                TIM8_TRG_COM_TIM14_IRQHandler
                0x0000000008001544                TIM8_UP_TIM13_IRQHandler
                0x0000000008001544                I2C3_ER_IRQHandler
                0x0000000008001544                EXTI0_IRQHandler
                0x0000000008001544                I2C2_EV_IRQHandler
                0x0000000008001544                DMA1_Stream2_IRQHandler
                0x0000000008001544                CAN1_RX0_IRQHandler
                0x0000000008001544                FPU_IRQHandler
                0x0000000008001544                OTG_HS_WKUP_IRQHandler
                0x0000000008001544                LTDC_ER_IRQHandler
                0x0000000008001544                CAN2_SCE_IRQHandler
                0x0000000008001544                DMA2_Stream2_IRQHandler
                0x0000000008001544                SPI1_IRQHandler
                0x0000000008001544                TIM6_DAC_IRQHandler
                0x0000000008001544                TIM1_BRK_TIM9_IRQHandler
                0x0000000008001544                DCMI_IRQHandler
                0x0000000008001544                CAN2_RX0_IRQHandler
                0x0000000008001544                DMA2_Stream3_IRQHandler
                0x0000000008001544                SAI2_IRQHandler
                0x0000000008001544                USART6_IRQHandler
                0x0000000008001544                USART3_IRQHandler
                0x0000000008001544                CAN1_RX1_IRQHandler
                0x0000000008001544                UART5_IRQHandler
                0x0000000008001544                DMA2_Stream0_IRQHandler
                0x0000000008001544                TIM4_IRQHandler
                0x0000000008001544                QUADSPI_IRQHandler
                0x0000000008001544                I2C1_EV_IRQHandler
                0x0000000008001544                DMA1_Stream6_IRQHandler
                0x0000000008001544                DMA1_Stream1_IRQHandler
                0x0000000008001544                UART4_IRQHandler
                0x0000000008001544                TIM3_IRQHandler
                0x0000000008001544                RCC_IRQHandler
                0x0000000008001544                TIM8_BRK_TIM12_IRQHandler
                0x0000000008001544                Default_Handler
                0x0000000008001544                CEC_IRQHandler
                0x0000000008001544                EXTI15_10_IRQHandler
                0x0000000008001544                ADC_IRQHandler
                0x0000000008001544                DMA1_Stream7_IRQHandler
                0x0000000008001544                SPI5_IRQHandler
                0x0000000008001544                TIM7_IRQHandler
                0x0000000008001544                SDMMC1_IRQHandler
                0x0000000008001544                CAN2_TX_IRQHandler
                0x0000000008001544                TIM5_IRQHandler
                0x0000000008001544                DMA2_Stream7_IRQHandler
                0x0000000008001544                I2C3_EV_IRQHandler
                0x0000000008001544                EXTI9_5_IRQHandler
                0x0000000008001544                RTC_WKUP_IRQHandler
                0x0000000008001544                LTDC_IRQHandler
                0x0000000008001544                ETH_WKUP_IRQHandler
                0x0000000008001544                SPDIF_RX_IRQHandler
                0x0000000008001544                SPI2_IRQHandler
                0x0000000008001544                OTG_HS_EP1_IN_IRQHandler
                0x0000000008001544                DMA1_Stream0_IRQHandler
                0x0000000008001544                CAN1_TX_IRQHandler
                0x0000000008001544                EXTI4_IRQHandler
                0x0000000008001544                RNG_IRQHandler
                0x0000000008001544                ETH_IRQHandler
                0x0000000008001544                OTG_HS_EP1_OUT_IRQHandler
                0x0000000008001544                WWDG_IRQHandler
                0x0000000008001544                SPI6_IRQHandler
                0x0000000008001544                I2C4_EV_IRQHandler
                0x0000000008001544                TIM2_IRQHandler
                0x0000000008001544                OTG_FS_WKUP_IRQHandler
                0x0000000008001544                TIM1_TRG_COM_TIM11_IRQHandler
                0x0000000008001544                OTG_HS_IRQHandler
                0x0000000008001544                DMA2D_IRQHandler
                0x0000000008001544                EXTI1_IRQHandler
                0x0000000008001544                UART7_IRQHandler
                0x0000000008001544                USART2_IRQHandler
                0x0000000008001544                I2C2_ER_IRQHandler
                0x0000000008001544                DMA2_Stream1_IRQHandler
                0x0000000008001544                CAN1_SCE_IRQHandler
                0x0000000008001544                FLASH_IRQHandler
                0x0000000008001544                DMA2_Stream4_IRQHandler
                0x0000000008001544                USART1_IRQHandler
                0x0000000008001544                OTG_FS_IRQHandler
                0x0000000008001544                SPI3_IRQHandler
                0x0000000008001544                DMA1_Stream4_IRQHandler
                0x0000000008001544                I2C1_ER_IRQHandler
                0x0000000008001544                FMC_IRQHandler
                0x0000000008001544                LPTIM1_IRQHandler
                0x0000000008001544                I2C4_ER_IRQHandler
                0x0000000008001544                SAI1_IRQHandler
                0x0000000008001544                DMA1_Stream3_IRQHandler
 *fill*         0x0000000008001546        0x2 
 .text.wm8994_Init
                0x0000000008001548      0xd78 ./Drivers/BSP/Components/wm8994/wm8994.o
                0x0000000008001548                wm8994_Init
 .text.wm8994_DeInit
                0x00000000080022c0        0xc ./Drivers/BSP/Components/wm8994/wm8994.o
                0x00000000080022c0                wm8994_DeInit
 .text.wm8994_ReadID
                0x00000000080022cc       0x24 ./Drivers/BSP/Components/wm8994/wm8994.o
                0x00000000080022cc                wm8994_ReadID
 .text.wm8994_Play
                0x00000000080022f0       0x30 ./Drivers/BSP/Components/wm8994/wm8994.o
                0x00000000080022f0                wm8994_Play
 .text.wm8994_Pause
                0x0000000008002320       0x42 ./Drivers/BSP/Components/wm8994/wm8994.o
                0x0000000008002320                wm8994_Pause
 .text.wm8994_Resume
                0x0000000008002362       0x2a ./Drivers/BSP/Components/wm8994/wm8994.o
                0x0000000008002362                wm8994_Resume
 .text.wm8994_Stop
                0x000000000800238c       0xdc ./Drivers/BSP/Components/wm8994/wm8994.o
                0x000000000800238c                wm8994_Stop
 .text.wm8994_SetVolume
                0x0000000008002468      0x248 ./Drivers/BSP/Components/wm8994/wm8994.o
                0x0000000008002468                wm8994_SetVolume
 .text.wm8994_SetMute
                0x00000000080026b0       0x9c ./Drivers/BSP/Components/wm8994/wm8994.o
                0x00000000080026b0                wm8994_SetMute
 .text.wm8994_SetOutputMode
                0x000000000800274c      0x246 ./Drivers/BSP/Components/wm8994/wm8994.o
                0x000000000800274c                wm8994_SetOutputMode
 *fill*         0x0000000008002992        0x2 
 .text.wm8994_SetFrequency
                0x0000000008002994      0x1a8 ./Drivers/BSP/Components/wm8994/wm8994.o
                0x0000000008002994                wm8994_SetFrequency
 .text.wm8994_Reset
                0x0000000008002b3c       0x40 ./Drivers/BSP/Components/wm8994/wm8994.o
                0x0000000008002b3c                wm8994_Reset
 .text.CODEC_IO_Write
                0x0000000008002b7c       0x2e ./Drivers/BSP/Components/wm8994/wm8994.o
 *fill*         0x0000000008002baa        0x2 
 .text.I2Cx_MspInit
                0x0000000008002bac      0x160 ./Drivers/BSP/STM32746G-Discovery/stm32746g_discovery.o
 .text.I2Cx_Init
                0x0000000008002d0c       0x78 ./Drivers/BSP/STM32746G-Discovery/stm32746g_discovery.o
 .text.I2Cx_ReadMultiple
                0x0000000008002d84       0x5a ./Drivers/BSP/STM32746G-Discovery/stm32746g_discovery.o
 .text.I2Cx_WriteMultiple
                0x0000000008002dde       0x5a ./Drivers/BSP/STM32746G-Discovery/stm32746g_discovery.o
 .text.I2Cx_Error
                0x0000000008002e38       0x20 ./Drivers/BSP/STM32746G-Discovery/stm32746g_discovery.o
 .text.AUDIO_IO_Init
                0x0000000008002e58       0x14 ./Drivers/BSP/STM32746G-Discovery/stm32746g_discovery.o
                0x0000000008002e58                AUDIO_IO_Init
 .text.AUDIO_IO_DeInit
                0x0000000008002e6c        0xe ./Drivers/BSP/STM32746G-Discovery/stm32746g_discovery.o
                0x0000000008002e6c                AUDIO_IO_DeInit
 *fill*         0x0000000008002e7a        0x2 
 .text.AUDIO_IO_Write
                0x0000000008002e7c       0x54 ./Drivers/BSP/STM32746G-Discovery/stm32746g_discovery.o
                0x0000000008002e7c                AUDIO_IO_Write
 .text.AUDIO_IO_Read
                0x0000000008002ed0       0x58 ./Drivers/BSP/STM32746G-Discovery/stm32746g_discovery.o
                0x0000000008002ed0                AUDIO_IO_Read
 .text.AUDIO_IO_Delay
                0x0000000008002f28       0x16 ./Drivers/BSP/STM32746G-Discovery/stm32746g_discovery.o
                0x0000000008002f28                AUDIO_IO_Delay
 *fill*         0x0000000008002f3e        0x2 
 .text.HAL_SAI_ErrorCallback
                0x0000000008002f40       0x4c ./Drivers/BSP/STM32746G-Discovery/stm32746g_discovery_audio.o
                0x0000000008002f40                HAL_SAI_ErrorCallback
 .text.BSP_AUDIO_OUT_Error_CallBack
                0x0000000008002f8c        0xe ./Drivers/BSP/STM32746G-Discovery/stm32746g_discovery_audio.o
                0x0000000008002f8c                BSP_AUDIO_OUT_Error_CallBack
 *fill*         0x0000000008002f9a        0x2 
 .text.BSP_AUDIO_OUT_MspInit
                0x0000000008002f9c      0x1ac ./Drivers/BSP/STM32746G-Discovery/stm32746g_discovery_audio.o
                0x0000000008002f9c                BSP_AUDIO_OUT_MspInit
 .text.BSP_AUDIO_OUT_ClockConfig
                0x0000000008003148       0x88 ./Drivers/BSP/STM32746G-Discovery/stm32746g_discovery_audio.o
                0x0000000008003148                BSP_AUDIO_OUT_ClockConfig
 .text.SAIx_Out_DeInit
                0x00000000080031d0       0x2c ./Drivers/BSP/STM32746G-Discovery/stm32746g_discovery_audio.o
 .text.BSP_AUDIO_IN_OUT_Init
                0x00000000080031fc       0xf4 ./Drivers/BSP/STM32746G-Discovery/stm32746g_discovery_audio.o
                0x00000000080031fc                BSP_AUDIO_IN_OUT_Init
 .text.BSP_AUDIO_IN_Record
                0x00000000080032f0       0x30 ./Drivers/BSP/STM32746G-Discovery/stm32746g_discovery_audio.o
                0x00000000080032f0                BSP_AUDIO_IN_Record
 .text.HAL_SAI_RxCpltCallback
                0x0000000008003320       0x14 ./Drivers/BSP/STM32746G-Discovery/stm32746g_discovery_audio.o
                0x0000000008003320                HAL_SAI_RxCpltCallback
 .text.HAL_SAI_RxHalfCpltCallback
                0x0000000008003334       0x14 ./Drivers/BSP/STM32746G-Discovery/stm32746g_discovery_audio.o
                0x0000000008003334                HAL_SAI_RxHalfCpltCallback
 .text.BSP_AUDIO_IN_TransferComplete_CallBack
                0x0000000008003348        0xe ./Drivers/BSP/STM32746G-Discovery/stm32746g_discovery_audio.o
                0x0000000008003348                BSP_AUDIO_IN_TransferComplete_CallBack
 .text.BSP_AUDIO_IN_HalfTransfer_CallBack
                0x0000000008003356        0xe ./Drivers/BSP/STM32746G-Discovery/stm32746g_discovery_audio.o
                0x0000000008003356                BSP_AUDIO_IN_HalfTransfer_CallBack
 .text.BSP_AUDIO_IN_Error_CallBack
                0x0000000008003364        0xe ./Drivers/BSP/STM32746G-Discovery/stm32746g_discovery_audio.o
                0x0000000008003364                BSP_AUDIO_IN_Error_CallBack
 *fill*         0x0000000008003372        0x2 
 .text.BSP_AUDIO_IN_MspInit
                0x0000000008003374      0x164 ./Drivers/BSP/STM32746G-Discovery/stm32746g_discovery_audio.o
                0x0000000008003374                BSP_AUDIO_IN_MspInit
 .text.SAIx_In_Init
                0x00000000080034d8      0x16c ./Drivers/BSP/STM32746G-Discovery/stm32746g_discovery_audio.o
 .text.SAIx_In_DeInit
                0x0000000008003644       0x2c ./Drivers/BSP/STM32746G-Discovery/stm32746g_discovery_audio.o
 .text.HAL_Init
                0x0000000008003670       0x1a ./Drivers/STM32F7xx_HAL_Driver/Src/stm32f7xx_hal.o
                0x0000000008003670                HAL_Init
 *fill*         0x000000000800368a        0x2 
 .text.HAL_IncTick
                0x000000000800368c       0x28 ./Drivers/STM32F7xx_HAL_Driver/Src/stm32f7xx_hal.o
                0x000000000800368c                HAL_IncTick
 .text.HAL_GetTick
                0x00000000080036b4       0x18 ./Drivers/STM32F7xx_HAL_Driver/Src/stm32f7xx_hal.o
                0x00000000080036b4                HAL_GetTick
 .text.HAL_Delay
                0x00000000080036cc       0x48 ./Drivers/STM32F7xx_HAL_Driver/Src/stm32f7xx_hal.o
                0x00000000080036cc                HAL_Delay
 .text.__NVIC_SetPriorityGrouping
                0x0000000008003714       0x48 ./Drivers/STM32F7xx_HAL_Driver/Src/stm32f7xx_hal_cortex.o
 .text.__NVIC_GetPriorityGrouping
                0x000000000800375c       0x1c ./Drivers/STM32F7xx_HAL_Driver/Src/stm32f7xx_hal_cortex.o
 .text.__NVIC_EnableIRQ
                0x0000000008003778       0x3c ./Drivers/STM32F7xx_HAL_Driver/Src/stm32f7xx_hal_cortex.o
 .text.__NVIC_SetPriority
                0x00000000080037b4       0x54 ./Drivers/STM32F7xx_HAL_Driver/Src/stm32f7xx_hal_cortex.o
 .text.NVIC_EncodePriority
                0x0000000008003808       0x66 ./Drivers/STM32F7xx_HAL_Driver/Src/stm32f7xx_hal_cortex.o
 .text.HAL_NVIC_SetPriorityGrouping
                0x000000000800386e       0x16 ./Drivers/STM32F7xx_HAL_Driver/Src/stm32f7xx_hal_cortex.o
                0x000000000800386e                HAL_NVIC_SetPriorityGrouping
 .text.HAL_NVIC_SetPriority
                0x0000000008003884       0x38 ./Drivers/STM32F7xx_HAL_Driver/Src/stm32f7xx_hal_cortex.o
                0x0000000008003884                HAL_NVIC_SetPriority
 .text.HAL_NVIC_EnableIRQ
                0x00000000080038bc       0x1c ./Drivers/STM32F7xx_HAL_Driver/Src/stm32f7xx_hal_cortex.o
                0x00000000080038bc                HAL_NVIC_EnableIRQ
 .text.HAL_DMA_Init
                0x00000000080038d8      0x15c ./Drivers/STM32F7xx_HAL_Driver/Src/stm32f7xx_hal_dma.o
                0x00000000080038d8                HAL_DMA_Init
 .text.HAL_DMA_DeInit
                0x0000000008003a34       0xbc ./Drivers/STM32F7xx_HAL_Driver/Src/stm32f7xx_hal_dma.o
                0x0000000008003a34                HAL_DMA_DeInit
 .text.HAL_DMA_Start_IT
                0x0000000008003af0       0xc0 ./Drivers/STM32F7xx_HAL_Driver/Src/stm32f7xx_hal_dma.o
                0x0000000008003af0                HAL_DMA_Start_IT
 .text.HAL_DMA_IRQHandler
                0x0000000008003bb0      0x314 ./Drivers/STM32F7xx_HAL_Driver/Src/stm32f7xx_hal_dma.o
                0x0000000008003bb0                HAL_DMA_IRQHandler
 .text.DMA_SetConfig
                0x0000000008003ec4       0x5c ./Drivers/STM32F7xx_HAL_Driver/Src/stm32f7xx_hal_dma.o
 .text.DMA_CalcBaseAndBitshift
                0x0000000008003f20       0x6c ./Drivers/STM32F7xx_HAL_Driver/Src/stm32f7xx_hal_dma.o
 .text.DMA_CheckFifoParam
                0x0000000008003f8c       0xf8 ./Drivers/STM32F7xx_HAL_Driver/Src/stm32f7xx_hal_dma.o
 .text.HAL_DMA2D_Init
                0x0000000008004084       0x94 ./Drivers/STM32F7xx_HAL_Driver/Src/stm32f7xx_hal_dma2d.o
                0x0000000008004084                HAL_DMA2D_Init
 .text.HAL_DMA2D_ConfigLayer
                0x0000000008004118      0x124 ./Drivers/STM32F7xx_HAL_Driver/Src/stm32f7xx_hal_dma2d.o
                0x0000000008004118                HAL_DMA2D_ConfigLayer
 .text.HAL_GPIO_Init
                0x000000000800423c      0x358 ./Drivers/STM32F7xx_HAL_Driver/Src/stm32f7xx_hal_gpio.o
                0x000000000800423c                HAL_GPIO_Init
 .text.HAL_GPIO_DeInit
                0x0000000008004594      0x218 ./Drivers/STM32F7xx_HAL_Driver/Src/stm32f7xx_hal_gpio.o
                0x0000000008004594                HAL_GPIO_DeInit
 .text.HAL_I2C_Init
                0x00000000080047ac      0x120 ./Drivers/STM32F7xx_HAL_Driver/Src/stm32f7xx_hal_i2c.o
                0x00000000080047ac                HAL_I2C_Init
 .text.HAL_I2C_DeInit
                0x00000000080048cc       0x5e ./Drivers/STM32F7xx_HAL_Driver/Src/stm32f7xx_hal_i2c.o
                0x00000000080048cc                HAL_I2C_DeInit
 .text.HAL_I2C_MspInit
                0x000000000800492a       0x14 ./Drivers/STM32F7xx_HAL_Driver/Src/stm32f7xx_hal_i2c.o
                0x000000000800492a                HAL_I2C_MspInit
 .text.HAL_I2C_MspDeInit
                0x000000000800493e       0x14 ./Drivers/STM32F7xx_HAL_Driver/Src/stm32f7xx_hal_i2c.o
                0x000000000800493e                HAL_I2C_MspDeInit
 *fill*         0x0000000008004952        0x2 
 .text.HAL_I2C_Mem_Write
                0x0000000008004954      0x228 ./Drivers/STM32F7xx_HAL_Driver/Src/stm32f7xx_hal_i2c.o
                0x0000000008004954                HAL_I2C_Mem_Write
 .text.HAL_I2C_Mem_Read
                0x0000000008004b7c      0x234 ./Drivers/STM32F7xx_HAL_Driver/Src/stm32f7xx_hal_i2c.o
                0x0000000008004b7c                HAL_I2C_Mem_Read
 .text.HAL_I2C_GetState
                0x0000000008004db0       0x1c ./Drivers/STM32F7xx_HAL_Driver/Src/stm32f7xx_hal_i2c.o
                0x0000000008004db0                HAL_I2C_GetState
 .text.I2C_RequestMemoryWrite
                0x0000000008004dcc       0xa8 ./Drivers/STM32F7xx_HAL_Driver/Src/stm32f7xx_hal_i2c.o
 .text.I2C_RequestMemoryRead
                0x0000000008004e74       0xa8 ./Drivers/STM32F7xx_HAL_Driver/Src/stm32f7xx_hal_i2c.o
 .text.I2C_Flush_TXDR
                0x0000000008004f1c       0x48 ./Drivers/STM32F7xx_HAL_Driver/Src/stm32f7xx_hal_i2c.o
 .text.I2C_WaitOnFlagUntilTimeout
                0x0000000008004f64       0x80 ./Drivers/STM32F7xx_HAL_Driver/Src/stm32f7xx_hal_i2c.o
 .text.I2C_WaitOnTXISFlagUntilTimeout
                0x0000000008004fe4       0x80 ./Drivers/STM32F7xx_HAL_Driver/Src/stm32f7xx_hal_i2c.o
 .text.I2C_WaitOnSTOPFlagUntilTimeout
                0x0000000008005064       0x78 ./Drivers/STM32F7xx_HAL_Driver/Src/stm32f7xx_hal_i2c.o
 .text.I2C_IsErrorOccurred
                0x00000000080050dc      0x1c0 ./Drivers/STM32F7xx_HAL_Driver/Src/stm32f7xx_hal_i2c.o
 .text.I2C_TransferConfig
                0x000000000800529c       0x64 ./Drivers/STM32F7xx_HAL_Driver/Src/stm32f7xx_hal_i2c.o
 .text.HAL_LTDC_Init
                0x0000000008005300      0x1a0 ./Drivers/STM32F7xx_HAL_Driver/Src/stm32f7xx_hal_ltdc.o
                0x0000000008005300                HAL_LTDC_Init
 .text.HAL_LTDC_ConfigLayer
                0x00000000080054a0       0x7c ./Drivers/STM32F7xx_HAL_Driver/Src/stm32f7xx_hal_ltdc.o
                0x00000000080054a0                HAL_LTDC_ConfigLayer
 .text.LTDC_SetConfig
                0x000000000800551c      0x334 ./Drivers/STM32F7xx_HAL_Driver/Src/stm32f7xx_hal_ltdc.o
 .text.HAL_PWREx_EnableOverDrive
                0x0000000008005850       0xa0 ./Drivers/STM32F7xx_HAL_Driver/Src/stm32f7xx_hal_pwr_ex.o
                0x0000000008005850                HAL_PWREx_EnableOverDrive
 .text.HAL_RCC_OscConfig
                0x00000000080058f0      0x548 ./Drivers/STM32F7xx_HAL_Driver/Src/stm32f7xx_hal_rcc.o
                0x00000000080058f0                HAL_RCC_OscConfig
 .text.HAL_RCC_ClockConfig
                0x0000000008005e38      0x1d8 ./Drivers/STM32F7xx_HAL_Driver/Src/stm32f7xx_hal_rcc.o
                0x0000000008005e38                HAL_RCC_ClockConfig
 .text.HAL_RCC_GetSysClockFreq
                0x0000000008006010      0x18c ./Drivers/STM32F7xx_HAL_Driver/Src/stm32f7xx_hal_rcc.o
                0x0000000008006010                HAL_RCC_GetSysClockFreq
 .text.HAL_RCC_GetHCLKFreq
                0x000000000800619c       0x18 ./Drivers/STM32F7xx_HAL_Driver/Src/stm32f7xx_hal_rcc.o
                0x000000000800619c                HAL_RCC_GetHCLKFreq
 .text.HAL_RCC_GetPCLK1Freq
                0x00000000080061b4       0x28 ./Drivers/STM32F7xx_HAL_Driver/Src/stm32f7xx_hal_rcc.o
                0x00000000080061b4                HAL_RCC_GetPCLK1Freq
 .text.HAL_RCC_GetPCLK2Freq
                0x00000000080061dc       0x28 ./Drivers/STM32F7xx_HAL_Driver/Src/stm32f7xx_hal_rcc.o
                0x00000000080061dc                HAL_RCC_GetPCLK2Freq
 .text.HAL_RCC_GetClockConfig
                0x0000000008006204       0x64 ./Drivers/STM32F7xx_HAL_Driver/Src/stm32f7xx_hal_rcc.o
                0x0000000008006204                HAL_RCC_GetClockConfig
 .text.HAL_RCCEx_PeriphCLKConfig
                0x0000000008006268      0x7e0 ./Drivers/STM32F7xx_HAL_Driver/Src/stm32f7xx_hal_rcc_ex.o
                0x0000000008006268                HAL_RCCEx_PeriphCLKConfig
 .text.HAL_RCCEx_GetPeriphCLKConfig
                0x0000000008006a48      0x218 ./Drivers/STM32F7xx_HAL_Driver/Src/stm32f7xx_hal_rcc_ex.o
                0x0000000008006a48                HAL_RCCEx_GetPeriphCLKConfig
 .text.HAL_RCCEx_GetPeriphCLKFreq
                0x0000000008006c60      0x280 ./Drivers/STM32F7xx_HAL_Driver/Src/stm32f7xx_hal_rcc_ex.o
                0x0000000008006c60                HAL_RCCEx_GetPeriphCLKFreq
 .text.HAL_SAI_Init
                0x0000000008006ee0      0x2fc ./Drivers/STM32F7xx_HAL_Driver/Src/stm32f7xx_hal_sai.o
                0x0000000008006ee0                HAL_SAI_Init
 .text.HAL_SAI_DeInit
                0x00000000080071dc       0x6a ./Drivers/STM32F7xx_HAL_Driver/Src/stm32f7xx_hal_sai.o
                0x00000000080071dc                HAL_SAI_DeInit
 *fill*         0x0000000008007246        0x2 
 .text.HAL_SAI_Receive_DMA
                0x0000000008007248      0x11c ./Drivers/STM32F7xx_HAL_Driver/Src/stm32f7xx_hal_sai.o
                0x0000000008007248                HAL_SAI_Receive_DMA
 .text.HAL_SAI_GetState
                0x0000000008007364       0x1c ./Drivers/STM32F7xx_HAL_Driver/Src/stm32f7xx_hal_sai.o
                0x0000000008007364                HAL_SAI_GetState
 .text.SAI_InterruptFlag
                0x0000000008007380       0x6c ./Drivers/STM32F7xx_HAL_Driver/Src/stm32f7xx_hal_sai.o
 .text.SAI_Disable
                0x00000000080073ec       0x70 ./Drivers/STM32F7xx_HAL_Driver/Src/stm32f7xx_hal_sai.o
 .text.SAI_DMARxCplt
                0x000000000800745c       0x60 ./Drivers/STM32F7xx_HAL_Driver/Src/stm32f7xx_hal_sai.o
 .text.SAI_DMARxHalfCplt
                0x00000000080074bc       0x1c ./Drivers/STM32F7xx_HAL_Driver/Src/stm32f7xx_hal_sai.o
 .text.SAI_DMAError
                0x00000000080074d8       0x66 ./Drivers/STM32F7xx_HAL_Driver/Src/stm32f7xx_hal_sai.o
 .text.HAL_SDRAM_Init
                0x000000000800753e       0x68 ./Drivers/STM32F7xx_HAL_Driver/Src/stm32f7xx_hal_sdram.o
                0x000000000800753e                HAL_SDRAM_Init
 .text.HAL_TIM_Base_Init
                0x00000000080075a6       0xae ./Drivers/STM32F7xx_HAL_Driver/Src/stm32f7xx_hal_tim.o
                0x00000000080075a6                HAL_TIM_Base_Init
 .text.HAL_TIM_Base_MspInit
                0x0000000008007654       0x14 ./Drivers/STM32F7xx_HAL_Driver/Src/stm32f7xx_hal_tim.o
                0x0000000008007654                HAL_TIM_Base_MspInit
 .text.HAL_TIM_Base_Start_IT
                0x0000000008007668       0xf0 ./Drivers/STM32F7xx_HAL_Driver/Src/stm32f7xx_hal_tim.o
                0x0000000008007668                HAL_TIM_Base_Start_IT
 .text.HAL_TIM_IRQHandler
                0x0000000008007758      0x23e ./Drivers/STM32F7xx_HAL_Driver/Src/stm32f7xx_hal_tim.o
                0x0000000008007758                HAL_TIM_IRQHandler
 .text.HAL_TIM_OC_DelayElapsedCallback
                0x0000000008007996       0x14 ./Drivers/STM32F7xx_HAL_Driver/Src/stm32f7xx_hal_tim.o
                0x0000000008007996                HAL_TIM_OC_DelayElapsedCallback
 .text.HAL_TIM_IC_CaptureCallback
                0x00000000080079aa       0x14 ./Drivers/STM32F7xx_HAL_Driver/Src/stm32f7xx_hal_tim.o
                0x00000000080079aa                HAL_TIM_IC_CaptureCallback
 .text.HAL_TIM_PWM_PulseFinishedCallback
                0x00000000080079be       0x14 ./Drivers/STM32F7xx_HAL_Driver/Src/stm32f7xx_hal_tim.o
                0x00000000080079be                HAL_TIM_PWM_PulseFinishedCallback
 .text.HAL_TIM_TriggerCallback
                0x00000000080079d2       0x14 ./Drivers/STM32F7xx_HAL_Driver/Src/stm32f7xx_hal_tim.o
                0x00000000080079d2                HAL_TIM_TriggerCallback
 *fill*         0x00000000080079e6        0x2 
 .text.TIM_Base_SetConfig
                0x00000000080079e8      0x140 ./Drivers/STM32F7xx_HAL_Driver/Src/stm32f7xx_hal_tim.o
                0x00000000080079e8                TIM_Base_SetConfig
 .text.HAL_TIMEx_CommutCallback
                0x0000000008007b28       0x14 ./Drivers/STM32F7xx_HAL_Driver/Src/stm32f7xx_hal_tim_ex.o
                0x0000000008007b28                HAL_TIMEx_CommutCallback
 .text.HAL_TIMEx_BreakCallback
                0x0000000008007b3c       0x14 ./Drivers/STM32F7xx_HAL_Driver/Src/stm32f7xx_hal_tim_ex.o
                0x0000000008007b3c                HAL_TIMEx_BreakCallback
 .text.HAL_TIMEx_Break2Callback
                0x0000000008007b50       0x14 ./Drivers/STM32F7xx_HAL_Driver/Src/stm32f7xx_hal_tim_ex.o
                0x0000000008007b50                HAL_TIMEx_Break2Callback
 .text.HAL_UART_Init
                0x0000000008007b64       0x9c ./Drivers/STM32F7xx_HAL_Driver/Src/stm32f7xx_hal_uart.o
                0x0000000008007b64                HAL_UART_Init
 .text.UART_SetConfig
                0x0000000008007c00      0x4c8 ./Drivers/STM32F7xx_HAL_Driver/Src/stm32f7xx_hal_uart.o
                0x0000000008007c00                UART_SetConfig
 .text.UART_AdvFeatureConfig
                0x00000000080080c8      0x144 ./Drivers/STM32F7xx_HAL_Driver/Src/stm32f7xx_hal_uart.o
                0x00000000080080c8                UART_AdvFeatureConfig
 .text.UART_CheckIdleState
                0x000000000800820c       0x6e ./Drivers/STM32F7xx_HAL_Driver/Src/stm32f7xx_hal_uart.o
                0x000000000800820c                UART_CheckIdleState
 .text.UART_WaitOnFlagUntilTimeout
                0x000000000800827a      0x18c ./Drivers/STM32F7xx_HAL_Driver/Src/stm32f7xx_hal_uart.o
                0x000000000800827a                UART_WaitOnFlagUntilTimeout
 *fill*         0x0000000008008406        0x2 
 .text.FMC_SDRAM_Init
                0x0000000008008408       0xb8 ./Drivers/STM32F7xx_HAL_Driver/Src/stm32f7xx_ll_fmc.o
                0x0000000008008408                FMC_SDRAM_Init
 .text.FMC_SDRAM_Timing_Init
                0x00000000080084c0       0xd4 ./Drivers/STM32F7xx_HAL_Driver/Src/stm32f7xx_ll_fmc.o
                0x00000000080084c0                FMC_SDRAM_Timing_Init
 .text.memset   0x0000000008008594       0x10 C:/ST/STM32CubeIDE_1.14.0/STM32CubeIDE/plugins/com.st.stm32cube.ide.mcu.externaltools.gnu-tools-for-stm32.11.3.rel1.win32_1.1.100.202309141235/tools/bin/../lib/gcc/arm-none-eabi/11.3.1/../../../../arm-none-eabi/lib/thumb/v7e-m+fp/hard\libc_nano.a(libc_a-memset.o)
                0x0000000008008594                memset
 .text.__libc_init_array
                0x00000000080085a4       0x48 C:/ST/STM32CubeIDE_1.14.0/STM32CubeIDE/plugins/com.st.stm32cube.ide.mcu.externaltools.gnu-tools-for-stm32.11.3.rel1.win32_1.1.100.202309141235/tools/bin/../lib/gcc/arm-none-eabi/11.3.1/../../../../arm-none-eabi/lib/thumb/v7e-m+fp/hard\libc_nano.a(libc_a-init.o)
                0x00000000080085a4                __libc_init_array
 *(.glue_7)
 .glue_7        0x00000000080085ec        0x0 linker stubs
 *(.glue_7t)
 .glue_7t       0x00000000080085ec        0x0 linker stubs
 *(.eh_frame)
 .eh_frame      0x00000000080085ec        0x0 C:/ST/STM32CubeIDE_1.14.0/STM32CubeIDE/plugins/com.st.stm32cube.ide.mcu.externaltools.gnu-tools-for-stm32.11.3.rel1.win32_1.1.100.202309141235/tools/bin/../lib/gcc/arm-none-eabi/11.3.1/thumb/v7e-m+fp/hard/crtbegin.o
 *(.init)
 .init          0x00000000080085ec        0x4 C:/ST/STM32CubeIDE_1.14.0/STM32CubeIDE/plugins/com.st.stm32cube.ide.mcu.externaltools.gnu-tools-for-stm32.11.3.rel1.win32_1.1.100.202309141235/tools/bin/../lib/gcc/arm-none-eabi/11.3.1/thumb/v7e-m+fp/hard/crti.o
                0x00000000080085ec                _init
 .init          0x00000000080085f0        0x8 C:/ST/STM32CubeIDE_1.14.0/STM32CubeIDE/plugins/com.st.stm32cube.ide.mcu.externaltools.gnu-tools-for-stm32.11.3.rel1.win32_1.1.100.202309141235/tools/bin/../lib/gcc/arm-none-eabi/11.3.1/thumb/v7e-m+fp/hard/crtn.o
 *(.fini)
 .fini          0x00000000080085f8        0x4 C:/ST/STM32CubeIDE_1.14.0/STM32CubeIDE/plugins/com.st.stm32cube.ide.mcu.externaltools.gnu-tools-for-stm32.11.3.rel1.win32_1.1.100.202309141235/tools/bin/../lib/gcc/arm-none-eabi/11.3.1/thumb/v7e-m+fp/hard/crti.o
                0x00000000080085f8                _fini
 .fini          0x00000000080085fc        0x8 C:/ST/STM32CubeIDE_1.14.0/STM32CubeIDE/plugins/com.st.stm32cube.ide.mcu.externaltools.gnu-tools-for-stm32.11.3.rel1.win32_1.1.100.202309141235/tools/bin/../lib/gcc/arm-none-eabi/11.3.1/thumb/v7e-m+fp/hard/crtn.o
                0x0000000008008604                . = ALIGN (0x4)
                0x0000000008008604                _etext = .

.vfp11_veneer   0x0000000008008604        0x0
 .vfp11_veneer  0x0000000008008604        0x0 linker stubs

.v4_bx          0x0000000008008604        0x0
 .v4_bx         0x0000000008008604        0x0 linker stubs

.iplt           0x0000000008008604        0x0
 .iplt          0x0000000008008604        0x0 C:/ST/STM32CubeIDE_1.14.0/STM32CubeIDE/plugins/com.st.stm32cube.ide.mcu.externaltools.gnu-tools-for-stm32.11.3.rel1.win32_1.1.100.202309141235/tools/bin/../lib/gcc/arm-none-eabi/11.3.1/thumb/v7e-m+fp/hard/crtbegin.o

.rodata         0x0000000008008604       0x20
                0x0000000008008604                . = ALIGN (0x4)
 *(.rodata)
 *(.rodata*)
 .rodata.AHBPrescTable
                0x0000000008008604       0x10 ./Core/Src/system_stm32f7xx.o
                0x0000000008008604                AHBPrescTable
 .rodata.APBPrescTable
                0x0000000008008614        0x8 ./Core/Src/system_stm32f7xx.o
                0x0000000008008614                APBPrescTable
 .rodata.flagBitshiftOffset.0
                0x000000000800861c        0x8 ./Drivers/STM32F7xx_HAL_Driver/Src/stm32f7xx_hal_dma.o
                0x0000000008008624                . = ALIGN (0x4)

.ARM.extab      0x0000000008008624        0x0
                0x0000000008008624                . = ALIGN (0x4)
 *(.ARM.extab* .gnu.linkonce.armextab.*)
                0x0000000008008624                . = ALIGN (0x4)

.ARM            0x0000000008008624        0x8
                0x0000000008008624                . = ALIGN (0x4)
                0x0000000008008624                __exidx_start = .
 *(.ARM.exidx*)
 .ARM.exidx     0x0000000008008624        0x8 C:/ST/STM32CubeIDE_1.14.0/STM32CubeIDE/plugins/com.st.stm32cube.ide.mcu.externaltools.gnu-tools-for-stm32.11.3.rel1.win32_1.1.100.202309141235/tools/bin/../lib/gcc/arm-none-eabi/11.3.1/thumb/v7e-m+fp/hard\libgcc.a(_udivmoddi4.o)
                0x000000000800862c                __exidx_end = .
                0x000000000800862c                . = ALIGN (0x4)

.rel.dyn        0x000000000800862c        0x0
 .rel.iplt      0x000000000800862c        0x0 C:/ST/STM32CubeIDE_1.14.0/STM32CubeIDE/plugins/com.st.stm32cube.ide.mcu.externaltools.gnu-tools-for-stm32.11.3.rel1.win32_1.1.100.202309141235/tools/bin/../lib/gcc/arm-none-eabi/11.3.1/thumb/v7e-m+fp/hard/crtbegin.o

.preinit_array  0x000000000800862c        0x0
                0x000000000800862c                . = ALIGN (0x4)
                0x000000000800862c                PROVIDE (__preinit_array_start = .)
 *(.preinit_array*)
                0x000000000800862c                PROVIDE (__preinit_array_end = .)
                0x000000000800862c                . = ALIGN (0x4)

.init_array     0x000000000800862c        0x4
                0x000000000800862c                . = ALIGN (0x4)
                0x000000000800862c                PROVIDE (__init_array_start = .)
 *(SORT_BY_NAME(.init_array.*))
 *(.init_array*)
 .init_array    0x000000000800862c        0x4 C:/ST/STM32CubeIDE_1.14.0/STM32CubeIDE/plugins/com.st.stm32cube.ide.mcu.externaltools.gnu-tools-for-stm32.11.3.rel1.win32_1.1.100.202309141235/tools/bin/../lib/gcc/arm-none-eabi/11.3.1/thumb/v7e-m+fp/hard/crtbegin.o
                0x0000000008008630                PROVIDE (__init_array_end = .)
                0x0000000008008630                . = ALIGN (0x4)

.fini_array     0x0000000008008630        0x4
                0x0000000008008630                . = ALIGN (0x4)
                [!provide]                        PROVIDE (__fini_array_start = .)
 *(SORT_BY_NAME(.fini_array.*))
 *(.fini_array*)
 .fini_array    0x0000000008008630        0x4 C:/ST/STM32CubeIDE_1.14.0/STM32CubeIDE/plugins/com.st.stm32cube.ide.mcu.externaltools.gnu-tools-for-stm32.11.3.rel1.win32_1.1.100.202309141235/tools/bin/../lib/gcc/arm-none-eabi/11.3.1/thumb/v7e-m+fp/hard/crtbegin.o
                [!provide]                        PROVIDE (__fini_array_end = .)
                0x0000000008008634                . = ALIGN (0x4)
                0x0000000008008634                _sidata = LOADADDR (.data)

.data           0x0000000020000000       0x40 load address 0x0000000008008634
                0x0000000020000000                . = ALIGN (0x4)
                0x0000000020000000                _sdata = .
 *(.data)
 *(.data*)
 .data.SystemCoreClock
                0x0000000020000000        0x4 ./Core/Src/system_stm32f7xx.o
                0x0000000020000000                SystemCoreClock
 .data.wm8994_drv
                0x0000000020000004       0x30 ./Drivers/BSP/Components/wm8994/wm8994.o
                0x0000000020000004                wm8994_drv
 .data.ColdStartup
                0x0000000020000034        0x1 ./Drivers/BSP/Components/wm8994/wm8994.o
 *fill*         0x0000000020000035        0x3 
 .data.uwTickPrio
                0x0000000020000038        0x4 ./Drivers/STM32F7xx_HAL_Driver/Src/stm32f7xx_hal.o
                0x0000000020000038                uwTickPrio
 .data.uwTickFreq
                0x000000002000003c        0x1 ./Drivers/STM32F7xx_HAL_Driver/Src/stm32f7xx_hal.o
                0x000000002000003c                uwTickFreq
 *(.RamFunc)
 *(.RamFunc*)
                0x0000000020000040                . = ALIGN (0x4)
 *fill*         0x000000002000003d        0x3 
                0x0000000020000040                _edata = .

.igot.plt       0x0000000020000040        0x0 load address 0x0000000008008674
 .igot.plt      0x0000000020000040        0x0 C:/ST/STM32CubeIDE_1.14.0/STM32CubeIDE/plugins/com.st.stm32cube.ide.mcu.externaltools.gnu-tools-for-stm32.11.3.rel1.win32_1.1.100.202309141235/tools/bin/../lib/gcc/arm-none-eabi/11.3.1/thumb/v7e-m+fp/hard/crtbegin.o
                0x0000000020000040                . = ALIGN (0x4)

.bss            0x0000000020000040      0x5a8 load address 0x0000000008008674
                0x0000000020000040                _sbss = .
                0x0000000020000040                __bss_start__ = _sbss
 *(.bss)
 .bss           0x0000000020000040       0x1c C:/ST/STM32CubeIDE_1.14.0/STM32CubeIDE/plugins/com.st.stm32cube.ide.mcu.externaltools.gnu-tools-for-stm32.11.3.rel1.win32_1.1.100.202309141235/tools/bin/../lib/gcc/arm-none-eabi/11.3.1/thumb/v7e-m+fp/hard/crtbegin.o
 *(.bss*)
 .bss.hdma2d    0x000000002000005c       0x40 ./Core/Src/main.o
                0x000000002000005c                hdma2d
 .bss.hltdc     0x000000002000009c       0xa8 ./Core/Src/main.o
                0x000000002000009c                hltdc
 .bss.hsai_BlockA2
                0x0000000020000144       0x84 ./Core/Src/main.o
                0x0000000020000144                hsai_BlockA2
 .bss.hsai_BlockB2
                0x00000000200001c8       0x84 ./Core/Src/main.o
                0x00000000200001c8                hsai_BlockB2
 .bss.hdma_sai2_b
                0x000000002000024c       0x60 ./Core/Src/main.o
                0x000000002000024c                hdma_sai2_b
 .bss.huart1    0x00000000200002ac       0x88 ./Core/Src/main.o
                0x00000000200002ac                huart1
 .bss.hsdram1   0x0000000020000334       0x34 ./Core/Src/main.o
                0x0000000020000334                hsdram1
 .bss.FMC_Initialized
                0x0000000020000368        0x4 ./Core/Src/stm32f7xx_hal_msp.o
 .bss.SAI2_client
                0x000000002000036c        0x4 ./Core/Src/stm32f7xx_hal_msp.o
 .bss.htim1     0x0000000020000370       0x4c ./Core/Src/stm32f7xx_hal_timebase_tim.o
                0x0000000020000370                htim1
 .bss.outputEnabled
                0x00000000200003bc        0x4 ./Drivers/BSP/Components/wm8994/wm8994.o
 .bss.inputEnabled
                0x00000000200003c0        0x4 ./Drivers/BSP/Components/wm8994/wm8994.o
 .bss.hI2cAudioHandler
                0x00000000200003c4       0x54 ./Drivers/BSP/STM32746G-Discovery/stm32746g_discovery.o
 .bss.audio_drv
                0x0000000020000418        0x4 ./Drivers/BSP/STM32746G-Discovery/stm32746g_discovery_audio.o
                0x0000000020000418                audio_drv
 .bss.haudio_out_sai
                0x000000002000041c       0x84 ./Drivers/BSP/STM32746G-Discovery/stm32746g_discovery_audio.o
                0x000000002000041c                haudio_out_sai
 .bss.haudio_in_sai
                0x00000000200004a0       0x84 ./Drivers/BSP/STM32746G-Discovery/stm32746g_discovery_audio.o
                0x00000000200004a0                haudio_in_sai
 .bss.hdma_sai_tx.2
                0x0000000020000524       0x60 ./Drivers/BSP/STM32746G-Discovery/stm32746g_discovery_audio.o
 .bss.hdma_sai_rx.1
                0x0000000020000584       0x60 ./Drivers/BSP/STM32746G-Discovery/stm32746g_discovery_audio.o
 .bss.uwTick    0x00000000200005e4        0x4 ./Drivers/STM32F7xx_HAL_Driver/Src/stm32f7xx_hal.o
                0x00000000200005e4                uwTick
 *(COMMON)
                0x00000000200005e8                . = ALIGN (0x4)
                0x00000000200005e8                _ebss = .
                0x00000000200005e8                __bss_end__ = _ebss

._user_heap_stack
                0x00000000200005e8      0x600 load address 0x0000000008008674
                0x00000000200005e8                . = ALIGN (0x8)
                [!provide]                        PROVIDE (end = .)
                0x00000000200005e8                PROVIDE (_end = .)
                0x00000000200007e8                . = (. + _Min_Heap_Size)
 *fill*         0x00000000200005e8      0x200 
                0x0000000020000be8                . = (. + _Min_Stack_Size)
 *fill*         0x00000000200007e8      0x400 
                0x0000000020000be8                . = ALIGN (0x8)

/DISCARD/
 libc.a(*)
 libm.a(*)
 libgcc.a(*)

.ARM.attributes
                0x0000000000000000       0x30
 *(.ARM.attributes)
 .ARM.attributes
                0x0000000000000000       0x1e C:/ST/STM32CubeIDE_1.14.0/STM32CubeIDE/plugins/com.st.stm32cube.ide.mcu.externaltools.gnu-tools-for-stm32.11.3.rel1.win32_1.1.100.202309141235/tools/bin/../lib/gcc/arm-none-eabi/11.3.1/thumb/v7e-m+fp/hard/crti.o
 .ARM.attributes
                0x000000000000001e       0x34 C:/ST/STM32CubeIDE_1.14.0/STM32CubeIDE/plugins/com.st.stm32cube.ide.mcu.externaltools.gnu-tools-for-stm32.11.3.rel1.win32_1.1.100.202309141235/tools/bin/../lib/gcc/arm-none-eabi/11.3.1/thumb/v7e-m+fp/hard/crtbegin.o
 .ARM.attributes
                0x0000000000000052       0x34 ./Core/Src/main.o
 .ARM.attributes
                0x0000000000000086       0x34 ./Core/Src/stm32f7xx_hal_msp.o
 .ARM.attributes
                0x00000000000000ba       0x34 ./Core/Src/stm32f7xx_hal_timebase_tim.o
 .ARM.attributes
                0x00000000000000ee       0x34 ./Core/Src/stm32f7xx_it.o
 .ARM.attributes
                0x0000000000000122       0x34 ./Core/Src/system_stm32f7xx.o
 .ARM.attributes
                0x0000000000000156       0x21 ./Core/Startup/startup_stm32f746nghx.o
 .ARM.attributes
                0x0000000000000177       0x34 ./Drivers/BSP/Components/wm8994/wm8994.o
 .ARM.attributes
                0x00000000000001ab       0x34 ./Drivers/BSP/STM32746G-Discovery/stm32746g_discovery.o
 .ARM.attributes
                0x00000000000001df       0x34 ./Drivers/BSP/STM32746G-Discovery/stm32746g_discovery_audio.o
 .ARM.attributes
                0x0000000000000213       0x34 ./Drivers/STM32F7xx_HAL_Driver/Src/stm32f7xx_hal.o
 .ARM.attributes
                0x0000000000000247       0x34 ./Drivers/STM32F7xx_HAL_Driver/Src/stm32f7xx_hal_cortex.o
 .ARM.attributes
                0x000000000000027b       0x34 ./Drivers/STM32F7xx_HAL_Driver/Src/stm32f7xx_hal_dma.o
 .ARM.attributes
                0x00000000000002af       0x34 ./Drivers/STM32F7xx_HAL_Driver/Src/stm32f7xx_hal_dma2d.o
 .ARM.attributes
                0x00000000000002e3       0x34 ./Drivers/STM32F7xx_HAL_Driver/Src/stm32f7xx_hal_gpio.o
 .ARM.attributes
                0x0000000000000317       0x34 ./Drivers/STM32F7xx_HAL_Driver/Src/stm32f7xx_hal_i2c.o
 .ARM.attributes
                0x000000000000034b       0x34 ./Drivers/STM32F7xx_HAL_Driver/Src/stm32f7xx_hal_ltdc.o
 .ARM.attributes
                0x000000000000037f       0x34 ./Drivers/STM32F7xx_HAL_Driver/Src/stm32f7xx_hal_pwr_ex.o
 .ARM.attributes
                0x00000000000003b3       0x34 ./Drivers/STM32F7xx_HAL_Driver/Src/stm32f7xx_hal_rcc.o
 .ARM.attributes
                0x00000000000003e7       0x34 ./Drivers/STM32F7xx_HAL_Driver/Src/stm32f7xx_hal_rcc_ex.o
 .ARM.attributes
                0x000000000000041b       0x34 ./Drivers/STM32F7xx_HAL_Driver/Src/stm32f7xx_hal_sai.o
 .ARM.attributes
                0x000000000000044f       0x34 ./Drivers/STM32F7xx_HAL_Driver/Src/stm32f7xx_hal_sdram.o
 .ARM.attributes
                0x0000000000000483       0x34 ./Drivers/STM32F7xx_HAL_Driver/Src/stm32f7xx_hal_tim.o
 .ARM.attributes
                0x00000000000004b7       0x34 ./Drivers/STM32F7xx_HAL_Driver/Src/stm32f7xx_hal_tim_ex.o
 .ARM.attributes
                0x00000000000004eb       0x34 ./Drivers/STM32F7xx_HAL_Driver/Src/stm32f7xx_hal_uart.o
 .ARM.attributes
                0x000000000000051f       0x34 ./Drivers/STM32F7xx_HAL_Driver/Src/stm32f7xx_ll_fmc.o
 .ARM.attributes
                0x0000000000000553       0x34 C:/ST/STM32CubeIDE_1.14.0/STM32CubeIDE/plugins/com.st.stm32cube.ide.mcu.externaltools.gnu-tools-for-stm32.11.3.rel1.win32_1.1.100.202309141235/tools/bin/../lib/gcc/arm-none-eabi/11.3.1/../../../../arm-none-eabi/lib/thumb/v7e-m+fp/hard\libc_nano.a(libc_a-memset.o)
 .ARM.attributes
                0x0000000000000587       0x34 C:/ST/STM32CubeIDE_1.14.0/STM32CubeIDE/plugins/com.st.stm32cube.ide.mcu.externaltools.gnu-tools-for-stm32.11.3.rel1.win32_1.1.100.202309141235/tools/bin/../lib/gcc/arm-none-eabi/11.3.1/../../../../arm-none-eabi/lib/thumb/v7e-m+fp/hard\libc_nano.a(libc_a-init.o)
 .ARM.attributes
                0x00000000000005bb       0x1e C:/ST/STM32CubeIDE_1.14.0/STM32CubeIDE/plugins/com.st.stm32cube.ide.mcu.externaltools.gnu-tools-for-stm32.11.3.rel1.win32_1.1.100.202309141235/tools/bin/../lib/gcc/arm-none-eabi/11.3.1/thumb/v7e-m+fp/hard\libgcc.a(_aeabi_uldivmod.o)
 .ARM.attributes
                0x00000000000005d9       0x34 C:/ST/STM32CubeIDE_1.14.0/STM32CubeIDE/plugins/com.st.stm32cube.ide.mcu.externaltools.gnu-tools-for-stm32.11.3.rel1.win32_1.1.100.202309141235/tools/bin/../lib/gcc/arm-none-eabi/11.3.1/thumb/v7e-m+fp/hard\libgcc.a(_udivmoddi4.o)
 .ARM.attributes
                0x000000000000060d       0x1e C:/ST/STM32CubeIDE_1.14.0/STM32CubeIDE/plugins/com.st.stm32cube.ide.mcu.externaltools.gnu-tools-for-stm32.11.3.rel1.win32_1.1.100.202309141235/tools/bin/../lib/gcc/arm-none-eabi/11.3.1/thumb/v7e-m+fp/hard\libgcc.a(_dvmd_tls.o)
 .ARM.attributes
                0x000000000000062b       0x1e C:/ST/STM32CubeIDE_1.14.0/STM32CubeIDE/plugins/com.st.stm32cube.ide.mcu.externaltools.gnu-tools-for-stm32.11.3.rel1.win32_1.1.100.202309141235/tools/bin/../lib/gcc/arm-none-eabi/11.3.1/thumb/v7e-m+fp/hard/crtn.o
OUTPUT(audio_in.elf elf32-littlearm)
LOAD linker stubs
LOAD C:/ST/STM32CubeIDE_1.14.0/STM32CubeIDE/plugins/com.st.stm32cube.ide.mcu.externaltools.gnu-tools-for-stm32.11.3.rel1.win32_1.1.100.202309141235/tools/bin/../lib/gcc/arm-none-eabi/11.3.1/../../../../arm-none-eabi/lib/thumb/v7e-m+fp/hard\libc.a
LOAD C:/ST/STM32CubeIDE_1.14.0/STM32CubeIDE/plugins/com.st.stm32cube.ide.mcu.externaltools.gnu-tools-for-stm32.11.3.rel1.win32_1.1.100.202309141235/tools/bin/../lib/gcc/arm-none-eabi/11.3.1/../../../../arm-none-eabi/lib/thumb/v7e-m+fp/hard\libm.a
LOAD C:/ST/STM32CubeIDE_1.14.0/STM32CubeIDE/plugins/com.st.stm32cube.ide.mcu.externaltools.gnu-tools-for-stm32.11.3.rel1.win32_1.1.100.202309141235/tools/bin/../lib/gcc/arm-none-eabi/11.3.1/thumb/v7e-m+fp/hard\libgcc.a

.comment        0x0000000000000000       0x43
 .comment       0x0000000000000000       0x43 C:/ST/STM32CubeIDE_1.14.0/STM32CubeIDE/plugins/com.st.stm32cube.ide.mcu.externaltools.gnu-tools-for-stm32.11.3.rel1.win32_1.1.100.202309141235/tools/bin/../lib/gcc/arm-none-eabi/11.3.1/thumb/v7e-m+fp/hard/crtbegin.o
                                         0x44 (size before relaxing)
 .comment       0x0000000000000043       0x44 ./Core/Src/main.o
 .comment       0x0000000000000043       0x44 ./Core/Src/stm32f7xx_hal_msp.o
 .comment       0x0000000000000043       0x44 ./Core/Src/stm32f7xx_hal_timebase_tim.o
 .comment       0x0000000000000043       0x44 ./Core/Src/stm32f7xx_it.o
 .comment       0x0000000000000043       0x44 ./Core/Src/system_stm32f7xx.o
 .comment       0x0000000000000043       0x44 ./Drivers/BSP/Components/wm8994/wm8994.o
 .comment       0x0000000000000043       0x44 ./Drivers/BSP/STM32746G-Discovery/stm32746g_discovery.o
 .comment       0x0000000000000043       0x44 ./Drivers/BSP/STM32746G-Discovery/stm32746g_discovery_audio.o
 .comment       0x0000000000000043       0x44 ./Drivers/STM32F7xx_HAL_Driver/Src/stm32f7xx_hal.o
 .comment       0x0000000000000043       0x44 ./Drivers/STM32F7xx_HAL_Driver/Src/stm32f7xx_hal_cortex.o
 .comment       0x0000000000000043       0x44 ./Drivers/STM32F7xx_HAL_Driver/Src/stm32f7xx_hal_dma.o
 .comment       0x0000000000000043       0x44 ./Drivers/STM32F7xx_HAL_Driver/Src/stm32f7xx_hal_dma2d.o
 .comment       0x0000000000000043       0x44 ./Drivers/STM32F7xx_HAL_Driver/Src/stm32f7xx_hal_gpio.o
 .comment       0x0000000000000043       0x44 ./Drivers/STM32F7xx_HAL_Driver/Src/stm32f7xx_hal_i2c.o
 .comment       0x0000000000000043       0x44 ./Drivers/STM32F7xx_HAL_Driver/Src/stm32f7xx_hal_ltdc.o
 .comment       0x0000000000000043       0x44 ./Drivers/STM32F7xx_HAL_Driver/Src/stm32f7xx_hal_pwr_ex.o
 .comment       0x0000000000000043       0x44 ./Drivers/STM32F7xx_HAL_Driver/Src/stm32f7xx_hal_rcc.o
 .comment       0x0000000000000043       0x44 ./Drivers/STM32F7xx_HAL_Driver/Src/stm32f7xx_hal_rcc_ex.o
 .comment       0x0000000000000043       0x44 ./Drivers/STM32F7xx_HAL_Driver/Src/stm32f7xx_hal_sai.o
 .comment       0x0000000000000043       0x44 ./Drivers/STM32F7xx_HAL_Driver/Src/stm32f7xx_hal_sdram.o
 .comment       0x0000000000000043       0x44 ./Drivers/STM32F7xx_HAL_Driver/Src/stm32f7xx_hal_tim.o
 .comment       0x0000000000000043       0x44 ./Drivers/STM32F7xx_HAL_Driver/Src/stm32f7xx_hal_tim_ex.o
 .comment       0x0000000000000043       0x44 ./Drivers/STM32F7xx_HAL_Driver/Src/stm32f7xx_hal_uart.o
 .comment       0x0000000000000043       0x44 ./Drivers/STM32F7xx_HAL_Driver/Src/stm32f7xx_ll_fmc.o

.debug_info     0x0000000000000000    0x1beee
 .debug_info    0x0000000000000000     0x230a ./Core/Src/main.o
 .debug_info    0x000000000000230a     0x1b80 ./Core/Src/stm32f7xx_hal_msp.o
 .debug_info    0x0000000000003e8a      0xcb5 ./Core/Src/stm32f7xx_hal_timebase_tim.o
 .debug_info    0x0000000000004b3f      0x74f ./Core/Src/stm32f7xx_it.o
 .debug_info    0x000000000000528e      0x6ed ./Core/Src/system_stm32f7xx.o
 .debug_info    0x000000000000597b       0x23 ./Core/Startup/startup_stm32f746nghx.o
 .debug_info    0x000000000000599e      0x60a ./Drivers/BSP/Components/wm8994/wm8994.o
 .debug_info    0x0000000000005fa8     0x1b27 ./Drivers/BSP/STM32746G-Discovery/stm32746g_discovery.o
 .debug_info    0x0000000000007acf     0x1d72 ./Drivers/BSP/STM32746G-Discovery/stm32746g_discovery_audio.o
 .debug_info    0x0000000000009841      0x9d8 ./Drivers/STM32F7xx_HAL_Driver/Src/stm32f7xx_hal.o
 .debug_info    0x000000000000a219      0xf49 ./Drivers/STM32F7xx_HAL_Driver/Src/stm32f7xx_hal_cortex.o
 .debug_info    0x000000000000b162      0x8e7 ./Drivers/STM32F7xx_HAL_Driver/Src/stm32f7xx_hal_dma.o
 .debug_info    0x000000000000ba49      0xe7a ./Drivers/STM32F7xx_HAL_Driver/Src/stm32f7xx_hal_dma2d.o
 .debug_info    0x000000000000c8c3      0x6e7 ./Drivers/STM32F7xx_HAL_Driver/Src/stm32f7xx_hal_gpio.o
 .debug_info    0x000000000000cfaa     0x20b3 ./Drivers/STM32F7xx_HAL_Driver/Src/stm32f7xx_hal_i2c.o
 .debug_info    0x000000000000f05d     0x1022 ./Drivers/STM32F7xx_HAL_Driver/Src/stm32f7xx_hal_ltdc.o
 .debug_info    0x000000000001007f      0x8cd ./Drivers/STM32F7xx_HAL_Driver/Src/stm32f7xx_hal_pwr_ex.o
 .debug_info    0x000000000001094c      0x8dc ./Drivers/STM32F7xx_HAL_Driver/Src/stm32f7xx_hal_rcc.o
 .debug_info    0x0000000000011228      0x6bd ./Drivers/STM32F7xx_HAL_Driver/Src/stm32f7xx_hal_rcc_ex.o
 .debug_info    0x00000000000118e5     0x1130 ./Drivers/STM32F7xx_HAL_Driver/Src/stm32f7xx_hal_sai.o
 .debug_info    0x0000000000012a15      0xeaa ./Drivers/STM32F7xx_HAL_Driver/Src/stm32f7xx_hal_sdram.o
 .debug_info    0x00000000000138bf     0x2a9a ./Drivers/STM32F7xx_HAL_Driver/Src/stm32f7xx_hal_tim.o
 .debug_info    0x0000000000016359     0x15bb ./Drivers/STM32F7xx_HAL_Driver/Src/stm32f7xx_hal_tim_ex.o
 .debug_info    0x0000000000017914     0x3a47 ./Drivers/STM32F7xx_HAL_Driver/Src/stm32f7xx_hal_uart.o
 .debug_info    0x000000000001b35b      0xb93 ./Drivers/STM32F7xx_HAL_Driver/Src/stm32f7xx_ll_fmc.o

.debug_abbrev   0x0000000000000000     0x3797
 .debug_abbrev  0x0000000000000000      0x360 ./Core/Src/main.o
 .debug_abbrev  0x0000000000000360      0x29b ./Core/Src/stm32f7xx_hal_msp.o
 .debug_abbrev  0x00000000000005fb      0x1f4 ./Core/Src/stm32f7xx_hal_timebase_tim.o
 .debug_abbrev  0x00000000000007ef      0x181 ./Core/Src/stm32f7xx_it.o
 .debug_abbrev  0x0000000000000970      0x13b ./Core/Src/system_stm32f7xx.o
 .debug_abbrev  0x0000000000000aab       0x12 ./Core/Startup/startup_stm32f746nghx.o
 .debug_abbrev  0x0000000000000abd      0x1af ./Drivers/BSP/Components/wm8994/wm8994.o
 .debug_abbrev  0x0000000000000c6c      0x306 ./Drivers/BSP/STM32746G-Discovery/stm32746g_discovery.o
 .debug_abbrev  0x0000000000000f72      0x38a ./Drivers/BSP/STM32746G-Discovery/stm32746g_discovery_audio.o
 .debug_abbrev  0x00000000000012fc      0x213 ./Drivers/STM32F7xx_HAL_Driver/Src/stm32f7xx_hal.o
 .debug_abbrev  0x000000000000150f      0x329 ./Drivers/STM32F7xx_HAL_Driver/Src/stm32f7xx_hal_cortex.o
 .debug_abbrev  0x0000000000001838      0x264 ./Drivers/STM32F7xx_HAL_Driver/Src/stm32f7xx_hal_dma.o
 .debug_abbrev  0x0000000000001a9c      0x23e ./Drivers/STM32F7xx_HAL_Driver/Src/stm32f7xx_hal_dma2d.o
 .debug_abbrev  0x0000000000001cda      0x1d4 ./Drivers/STM32F7xx_HAL_Driver/Src/stm32f7xx_hal_gpio.o
 .debug_abbrev  0x0000000000001eae      0x259 ./Drivers/STM32F7xx_HAL_Driver/Src/stm32f7xx_hal_i2c.o
 .debug_abbrev  0x0000000000002107      0x233 ./Drivers/STM32F7xx_HAL_Driver/Src/stm32f7xx_hal_ltdc.o
 .debug_abbrev  0x000000000000233a      0x1d5 ./Drivers/STM32F7xx_HAL_Driver/Src/stm32f7xx_hal_pwr_ex.o
 .debug_abbrev  0x000000000000250f      0x288 ./Drivers/STM32F7xx_HAL_Driver/Src/stm32f7xx_hal_rcc.o
 .debug_abbrev  0x0000000000002797      0x1c9 ./Drivers/STM32F7xx_HAL_Driver/Src/stm32f7xx_hal_rcc_ex.o
 .debug_abbrev  0x0000000000002960      0x278 ./Drivers/STM32F7xx_HAL_Driver/Src/stm32f7xx_hal_sai.o
 .debug_abbrev  0x0000000000002bd8      0x239 ./Drivers/STM32F7xx_HAL_Driver/Src/stm32f7xx_hal_sdram.o
 .debug_abbrev  0x0000000000002e11      0x278 ./Drivers/STM32F7xx_HAL_Driver/Src/stm32f7xx_hal_tim.o
 .debug_abbrev  0x0000000000003089      0x283 ./Drivers/STM32F7xx_HAL_Driver/Src/stm32f7xx_hal_tim_ex.o
 .debug_abbrev  0x000000000000330c      0x2e6 ./Drivers/STM32F7xx_HAL_Driver/Src/stm32f7xx_hal_uart.o
 .debug_abbrev  0x00000000000035f2      0x1a5 ./Drivers/STM32F7xx_HAL_Driver/Src/stm32f7xx_ll_fmc.o

.debug_aranges  0x0000000000000000     0x1900
 .debug_aranges
                0x0000000000000000       0x78 ./Core/Src/main.o
 .debug_aranges
                0x0000000000000078       0x80 ./Core/Src/stm32f7xx_hal_msp.o
 .debug_aranges
                0x00000000000000f8       0x30 ./Core/Src/stm32f7xx_hal_timebase_tim.o
 .debug_aranges
                0x0000000000000128       0x70 ./Core/Src/stm32f7xx_it.o
 .debug_aranges
                0x0000000000000198       0x28 ./Core/Src/system_stm32f7xx.o
 .debug_aranges
                0x00000000000001c0       0x28 ./Core/Startup/startup_stm32f746nghx.o
 .debug_aranges
                0x00000000000001e8       0x80 ./Drivers/BSP/Components/wm8994/wm8994.o
 .debug_aranges
                0x0000000000000268      0x128 ./Drivers/BSP/STM32746G-Discovery/stm32746g_discovery.o
 .debug_aranges
                0x0000000000000390      0x160 ./Drivers/BSP/STM32746G-Discovery/stm32746g_discovery_audio.o
 .debug_aranges
                0x00000000000004f0      0x100 ./Drivers/STM32F7xx_HAL_Driver/Src/stm32f7xx_hal.o
 .debug_aranges
                0x00000000000005f0      0x118 ./Drivers/STM32F7xx_HAL_Driver/Src/stm32f7xx_hal_cortex.o
 .debug_aranges
                0x0000000000000708       0x90 ./Drivers/STM32F7xx_HAL_Driver/Src/stm32f7xx_hal_dma.o
 .debug_aranges
                0x0000000000000798      0x118 ./Drivers/STM32F7xx_HAL_Driver/Src/stm32f7xx_hal_dma2d.o
 .debug_aranges
                0x00000000000008b0       0x58 ./Drivers/STM32F7xx_HAL_Driver/Src/stm32f7xx_hal_gpio.o
 .debug_aranges
                0x0000000000000908      0x2a0 ./Drivers/STM32F7xx_HAL_Driver/Src/stm32f7xx_hal_i2c.o
 .debug_aranges
                0x0000000000000ba8      0x158 ./Drivers/STM32F7xx_HAL_Driver/Src/stm32f7xx_hal_ltdc.o
 .debug_aranges
                0x0000000000000d00       0x80 ./Drivers/STM32F7xx_HAL_Driver/Src/stm32f7xx_hal_pwr_ex.o
 .debug_aranges
                0x0000000000000d80       0x88 ./Drivers/STM32F7xx_HAL_Driver/Src/stm32f7xx_hal_rcc.o
 .debug_aranges
                0x0000000000000e08       0x50 ./Drivers/STM32F7xx_HAL_Driver/Src/stm32f7xx_hal_rcc_ex.o
 .debug_aranges
                0x0000000000000e58      0x178 ./Drivers/STM32F7xx_HAL_Driver/Src/stm32f7xx_hal_sai.o
 .debug_aranges
                0x0000000000000fd0       0xe8 ./Drivers/STM32F7xx_HAL_Driver/Src/stm32f7xx_hal_sdram.o
 .debug_aranges
                0x00000000000010b8      0x3e0 ./Drivers/STM32F7xx_HAL_Driver/Src/stm32f7xx_hal_tim.o
 .debug_aranges
                0x0000000000001498      0x178 ./Drivers/STM32F7xx_HAL_Driver/Src/stm32f7xx_hal_tim_ex.o
 .debug_aranges
                0x0000000000001610      0x228 ./Drivers/STM32F7xx_HAL_Driver/Src/stm32f7xx_hal_uart.o
 .debug_aranges
                0x0000000000001838       0xc8 ./Drivers/STM32F7xx_HAL_Driver/Src/stm32f7xx_ll_fmc.o

.debug_rnglists
                0x0000000000000000     0x1396
 .debug_rnglists
                0x0000000000000000       0x5a ./Core/Src/main.o
 .debug_rnglists
                0x000000000000005a       0x61 ./Core/Src/stm32f7xx_hal_msp.o
 .debug_rnglists
                0x00000000000000bb       0x20 ./Core/Src/stm32f7xx_hal_timebase_tim.o
 .debug_rnglists
                0x00000000000000db       0x4f ./Core/Src/stm32f7xx_it.o
 .debug_rnglists
                0x000000000000012a       0x1a ./Core/Src/system_stm32f7xx.o
 .debug_rnglists
                0x0000000000000144       0x19 ./Core/Startup/startup_stm32f746nghx.o
 .debug_rnglists
                0x000000000000015d       0x61 ./Drivers/BSP/Components/wm8994/wm8994.o
 .debug_rnglists
                0x00000000000001be       0xdc ./Drivers/BSP/STM32746G-Discovery/stm32746g_discovery.o
 .debug_rnglists
                0x000000000000029a      0x10c ./Drivers/BSP/STM32746G-Discovery/stm32746g_discovery_audio.o
 .debug_rnglists
                0x00000000000003a6       0xbb ./Drivers/STM32F7xx_HAL_Driver/Src/stm32f7xx_hal.o
 .debug_rnglists
                0x0000000000000461       0xce ./Drivers/STM32F7xx_HAL_Driver/Src/stm32f7xx_hal_cortex.o
 .debug_rnglists
                0x000000000000052f       0x70 ./Drivers/STM32F7xx_HAL_Driver/Src/stm32f7xx_hal_dma.o
 .debug_rnglists
                0x000000000000059f       0xdc ./Drivers/STM32F7xx_HAL_Driver/Src/stm32f7xx_hal_dma2d.o
 .debug_rnglists
                0x000000000000067b       0x3f ./Drivers/STM32F7xx_HAL_Driver/Src/stm32f7xx_hal_gpio.o
 .debug_rnglists
                0x00000000000006ba      0x227 ./Drivers/STM32F7xx_HAL_Driver/Src/stm32f7xx_hal_i2c.o
 .debug_rnglists
                0x00000000000008e1      0x10a ./Drivers/STM32F7xx_HAL_Driver/Src/stm32f7xx_hal_ltdc.o
 .debug_rnglists
                0x00000000000009eb       0x5f ./Drivers/STM32F7xx_HAL_Driver/Src/stm32f7xx_hal_pwr_ex.o
 .debug_rnglists
                0x0000000000000a4a       0x67 ./Drivers/STM32F7xx_HAL_Driver/Src/stm32f7xx_hal_rcc.o
 .debug_rnglists
                0x0000000000000ab1       0x3c ./Drivers/STM32F7xx_HAL_Driver/Src/stm32f7xx_hal_rcc_ex.o
 .debug_rnglists
                0x0000000000000aed      0x131 ./Drivers/STM32F7xx_HAL_Driver/Src/stm32f7xx_hal_sai.o
 .debug_rnglists
                0x0000000000000c1e       0xb1 ./Drivers/STM32F7xx_HAL_Driver/Src/stm32f7xx_hal_sdram.o
 .debug_rnglists
                0x0000000000000ccf      0x328 ./Drivers/STM32F7xx_HAL_Driver/Src/stm32f7xx_hal_tim.o
 .debug_rnglists
                0x0000000000000ff7      0x131 ./Drivers/STM32F7xx_HAL_Driver/Src/stm32f7xx_hal_tim_ex.o
 .debug_rnglists
                0x0000000000001128      0x1d9 ./Drivers/STM32F7xx_HAL_Driver/Src/stm32f7xx_hal_uart.o
 .debug_rnglists
                0x0000000000001301       0x95 ./Drivers/STM32F7xx_HAL_Driver/Src/stm32f7xx_ll_fmc.o

.debug_macro    0x0000000000000000    0x28150
 .debug_macro   0x0000000000000000      0x26b ./Core/Src/main.o
 .debug_macro   0x000000000000026b      0xaa8 ./Core/Src/main.o
 .debug_macro   0x0000000000000d13      0x2ab ./Core/Src/main.o
 .debug_macro   0x0000000000000fbe       0x2e ./Core/Src/main.o
 .debug_macro   0x0000000000000fec       0x3b ./Core/Src/main.o
 .debug_macro   0x0000000000001027       0x22 ./Core/Src/main.o
 .debug_macro   0x0000000000001049       0x8e ./Core/Src/main.o
 .debug_macro   0x00000000000010d7       0x51 ./Core/Src/main.o
 .debug_macro   0x0000000000001128      0x103 ./Core/Src/main.o
 .debug_macro   0x000000000000122b       0x6a ./Core/Src/main.o
 .debug_macro   0x0000000000001295      0x1df ./Core/Src/main.o
 .debug_macro   0x0000000000001474       0x1c ./Core/Src/main.o
 .debug_macro   0x0000000000001490       0x22 ./Core/Src/main.o
 .debug_macro   0x00000000000014b2       0xd9 ./Core/Src/main.o
 .debug_macro   0x000000000000158b     0x12cd ./Core/Src/main.o
 .debug_macro   0x0000000000002858      0x11f ./Core/Src/main.o
 .debug_macro   0x0000000000002977       0x19 ./Core/Src/main.o
 .debug_macro   0x0000000000002990    0x1920a ./Core/Src/main.o
 .debug_macro   0x000000000001bb9a       0x6d ./Core/Src/main.o
 .debug_macro   0x000000000001bc07     0x3749 ./Core/Src/main.o
 .debug_macro   0x000000000001f350      0x174 ./Core/Src/main.o
 .debug_macro   0x000000000001f4c4       0x63 ./Core/Src/main.o
 .debug_macro   0x000000000001f527     0x18ad ./Core/Src/main.o
 .debug_macro   0x0000000000020dd4      0x6c4 ./Core/Src/main.o
 .debug_macro   0x0000000000021498      0x185 ./Core/Src/main.o
 .debug_macro   0x000000000002161d      0x115 ./Core/Src/main.o
 .debug_macro   0x0000000000021732      0x1fd ./Core/Src/main.o
 .debug_macro   0x000000000002192f       0xa5 ./Core/Src/main.o
 .debug_macro   0x00000000000219d4      0x24f ./Core/Src/main.o
 .debug_macro   0x0000000000021c23       0x41 ./Core/Src/main.o
 .debug_macro   0x0000000000021c64       0x58 ./Core/Src/main.o
 .debug_macro   0x0000000000021cbc      0x236 ./Core/Src/main.o
 .debug_macro   0x0000000000021ef2      0x208 ./Core/Src/main.o
 .debug_macro   0x00000000000220fa      0x14e ./Core/Src/main.o
 .debug_macro   0x0000000000022248      0x25a ./Core/Src/main.o
 .debug_macro   0x00000000000224a2       0x12 ./Core/Src/main.o
 .debug_macro   0x00000000000224b4      0x504 ./Core/Src/main.o
 .debug_macro   0x00000000000229b8      0x22c ./Core/Src/main.o
 .debug_macro   0x0000000000022be4       0x61 ./Core/Src/main.o
 .debug_macro   0x0000000000022c45       0xa5 ./Core/Src/main.o
 .debug_macro   0x0000000000022cea      0x198 ./Core/Src/main.o
 .debug_macro   0x0000000000022e82       0xd6 ./Core/Src/main.o
 .debug_macro   0x0000000000022f58      0x12e ./Core/Src/main.o
 .debug_macro   0x0000000000023086      0x108 ./Core/Src/main.o
 .debug_macro   0x000000000002318e       0x35 ./Core/Src/main.o
 .debug_macro   0x00000000000231c3      0x447 ./Core/Src/main.o
 .debug_macro   0x000000000002360a      0xa7c ./Core/Src/main.o
 .debug_macro   0x0000000000024086       0x59 ./Core/Src/main.o
 .debug_macro   0x00000000000240df      0x56d ./Core/Src/main.o
 .debug_macro   0x000000000002464c       0x44 ./Core/Src/main.o
 .debug_macro   0x0000000000024690      0x14d ./Core/Src/main.o
 .debug_macro   0x00000000000247dd       0x16 ./Core/Src/main.o
 .debug_macro   0x00000000000247f3       0xbe ./Core/Src/main.o
 .debug_macro   0x00000000000248b1      0x25f ./Core/Src/main.o
 .debug_macro   0x0000000000024b10      0x177 ./Core/Src/main.o
 .debug_macro   0x0000000000024c87      0x235 ./Core/Src/stm32f7xx_hal_msp.o
 .debug_macro   0x0000000000024ebc      0x22b ./Core/Src/stm32f7xx_hal_timebase_tim.o
 .debug_macro   0x00000000000250e7      0x23f ./Core/Src/stm32f7xx_it.o
 .debug_macro   0x0000000000025326      0x22b ./Core/Src/system_stm32f7xx.o
 .debug_macro   0x0000000000025551       0x81 ./Drivers/BSP/Components/wm8994/wm8994.o
 .debug_macro   0x00000000000255d2       0x10 ./Drivers/BSP/Components/wm8994/wm8994.o
 .debug_macro   0x00000000000255e2      0x258 ./Drivers/BSP/STM32746G-Discovery/stm32746g_discovery.o
 .debug_macro   0x000000000002583a      0x259 ./Drivers/BSP/STM32746G-Discovery/stm32746g_discovery.o
 .debug_macro   0x0000000000025a93      0x267 ./Drivers/BSP/STM32746G-Discovery/stm32746g_discovery_audio.o
 .debug_macro   0x0000000000025cfa      0x24f ./Drivers/STM32F7xx_HAL_Driver/Src/stm32f7xx_hal.o
 .debug_macro   0x0000000000025f49      0x22b ./Drivers/STM32F7xx_HAL_Driver/Src/stm32f7xx_hal_cortex.o
 .debug_macro   0x0000000000026174      0x231 ./Drivers/STM32F7xx_HAL_Driver/Src/stm32f7xx_hal_dma.o
 .debug_macro   0x00000000000263a5      0x23a ./Drivers/STM32F7xx_HAL_Driver/Src/stm32f7xx_hal_dma2d.o
 .debug_macro   0x00000000000265df      0x231 ./Drivers/STM32F7xx_HAL_Driver/Src/stm32f7xx_hal_gpio.o
 .debug_macro   0x0000000000026810      0x2f7 ./Drivers/STM32F7xx_HAL_Driver/Src/stm32f7xx_hal_i2c.o
 .debug_macro   0x0000000000026b07      0x233 ./Drivers/STM32F7xx_HAL_Driver/Src/stm32f7xx_hal_ltdc.o
 .debug_macro   0x0000000000026d3a      0x243 ./Drivers/STM32F7xx_HAL_Driver/Src/stm32f7xx_hal_pwr_ex.o
 .debug_macro   0x0000000000026f7d      0x24f ./Drivers/STM32F7xx_HAL_Driver/Src/stm32f7xx_hal_rcc.o
 .debug_macro   0x00000000000271cc      0x22b ./Drivers/STM32F7xx_HAL_Driver/Src/stm32f7xx_hal_rcc_ex.o
 .debug_macro   0x00000000000273f7      0x23a ./Drivers/STM32F7xx_HAL_Driver/Src/stm32f7xx_hal_sai.o
 .debug_macro   0x0000000000027631      0x22b ./Drivers/STM32F7xx_HAL_Driver/Src/stm32f7xx_hal_sdram.o
 .debug_macro   0x000000000002785c      0x22c ./Drivers/STM32F7xx_HAL_Driver/Src/stm32f7xx_hal_tim.o
 .debug_macro   0x0000000000027a88      0x22b ./Drivers/STM32F7xx_HAL_Driver/Src/stm32f7xx_hal_tim_ex.o
 .debug_macro   0x0000000000027cb3      0x248 ./Drivers/STM32F7xx_HAL_Driver/Src/stm32f7xx_hal_uart.o
 .debug_macro   0x0000000000027efb      0x255 ./Drivers/STM32F7xx_HAL_Driver/Src/stm32f7xx_ll_fmc.o

.debug_line     0x0000000000000000    0x1dcfd
 .debug_line    0x0000000000000000      0xce3 ./Core/Src/main.o
 .debug_line    0x0000000000000ce3      0xb54 ./Core/Src/stm32f7xx_hal_msp.o
 .debug_line    0x0000000000001837      0x87c ./Core/Src/stm32f7xx_hal_timebase_tim.o
 .debug_line    0x00000000000020b3      0x8f9 ./Core/Src/stm32f7xx_it.o
 .debug_line    0x00000000000029ac      0x88b ./Core/Src/system_stm32f7xx.o
 .debug_line    0x0000000000003237       0x7a ./Core/Startup/startup_stm32f746nghx.o
 .debug_line    0x00000000000032b1      0xb7a ./Drivers/BSP/Components/wm8994/wm8994.o
 .debug_line    0x0000000000003e2b      0xce9 ./Drivers/BSP/STM32746G-Discovery/stm32746g_discovery.o
 .debug_line    0x0000000000004b14      0xff5 ./Drivers/BSP/STM32746G-Discovery/stm32746g_discovery_audio.o
 .debug_line    0x0000000000005b09      0xb1c ./Drivers/STM32F7xx_HAL_Driver/Src/stm32f7xx_hal.o
 .debug_line    0x0000000000006625      0xda2 ./Drivers/STM32F7xx_HAL_Driver/Src/stm32f7xx_hal_cortex.o
 .debug_line    0x00000000000073c7     0x106b ./Drivers/STM32F7xx_HAL_Driver/Src/stm32f7xx_hal_dma.o
 .debug_line    0x0000000000008432     0x12a8 ./Drivers/STM32F7xx_HAL_Driver/Src/stm32f7xx_hal_dma2d.o
 .debug_line    0x00000000000096da      0xc90 ./Drivers/STM32F7xx_HAL_Driver/Src/stm32f7xx_hal_gpio.o
 .debug_line    0x000000000000a36a     0x37f3 ./Drivers/STM32F7xx_HAL_Driver/Src/stm32f7xx_hal_i2c.o
 .debug_line    0x000000000000db5d     0x1826 ./Drivers/STM32F7xx_HAL_Driver/Src/stm32f7xx_hal_ltdc.o
 .debug_line    0x000000000000f383      0xa88 ./Drivers/STM32F7xx_HAL_Driver/Src/stm32f7xx_hal_pwr_ex.o
 .debug_line    0x000000000000fe0b      0xf5a ./Drivers/STM32F7xx_HAL_Driver/Src/stm32f7xx_hal_rcc.o
 .debug_line    0x0000000000010d65      0xf10 ./Drivers/STM32F7xx_HAL_Driver/Src/stm32f7xx_hal_rcc_ex.o
 .debug_line    0x0000000000011c75     0x1a7c ./Drivers/STM32F7xx_HAL_Driver/Src/stm32f7xx_hal_sai.o
 .debug_line    0x00000000000136f1      0xef3 ./Drivers/STM32F7xx_HAL_Driver/Src/stm32f7xx_hal_sdram.o
 .debug_line    0x00000000000145e4     0x3da1 ./Drivers/STM32F7xx_HAL_Driver/Src/stm32f7xx_hal_tim.o
 .debug_line    0x0000000000018385     0x1c21 ./Drivers/STM32F7xx_HAL_Driver/Src/stm32f7xx_hal_tim_ex.o
 .debug_line    0x0000000000019fa6     0x31cd ./Drivers/STM32F7xx_HAL_Driver/Src/stm32f7xx_hal_uart.o
 .debug_line    0x000000000001d173      0xb8a ./Drivers/STM32F7xx_HAL_Driver/Src/stm32f7xx_ll_fmc.o

.debug_str      0x0000000000000000    0xf9b8b
 .debug_str     0x0000000000000000    0xf372e ./Core/Src/main.o
                                      0xf4073 (size before relaxing)
 .debug_str     0x00000000000f372e      0x1e6 ./Core/Src/stm32f7xx_hal_msp.o
                                      0xf151e (size before relaxing)
 .debug_str     0x00000000000f3914       0xf7 ./Core/Src/stm32f7xx_hal_timebase_tim.o
                                      0xf1065 (size before relaxing)
 .debug_str     0x00000000000f3a0b      0x114 ./Core/Src/stm32f7xx_it.o
                                      0xf0914 (size before relaxing)
 .debug_str     0x00000000000f3b1f      0x1a4 ./Core/Src/system_stm32f7xx.o
                                      0xf0550 (size before relaxing)
 .debug_str     0x00000000000f3cc3       0x34 ./Core/Startup/startup_stm32f746nghx.o
                                         0x6f (size before relaxing)
 .debug_str     0x00000000000f3cf7      0x1fc ./Drivers/BSP/Components/wm8994/wm8994.o
                                       0x441e (size before relaxing)
 .debug_str     0x00000000000f3ef3      0x80e ./Drivers/BSP/STM32746G-Discovery/stm32746g_discovery.o
                                      0xf2961 (size before relaxing)
 .debug_str     0x00000000000f4701      0x553 ./Drivers/BSP/STM32746G-Discovery/stm32746g_discovery_audio.o
                                      0xf3bc4 (size before relaxing)
 .debug_str     0x00000000000f4c54      0x3c8 ./Drivers/STM32F7xx_HAL_Driver/Src/stm32f7xx_hal.o
                                      0xf0eb9 (size before relaxing)
 .debug_str     0x00000000000f501c      0x31c ./Drivers/STM32F7xx_HAL_Driver/Src/stm32f7xx_hal_cortex.o
                                      0xf0ea4 (size before relaxing)
 .debug_str     0x00000000000f5338      0x2fa ./Drivers/STM32F7xx_HAL_Driver/Src/stm32f7xx_hal_dma.o
                                      0xf088f (size before relaxing)
 .debug_str     0x00000000000f5632      0x381 ./Drivers/STM32F7xx_HAL_Driver/Src/stm32f7xx_hal_dma2d.o
                                      0xf0a63 (size before relaxing)
 .debug_str     0x00000000000f59b3       0xe1 ./Drivers/STM32F7xx_HAL_Driver/Src/stm32f7xx_hal_gpio.o
                                      0xf060e (size before relaxing)
 .debug_str     0x00000000000f5a94      0xd56 ./Drivers/STM32F7xx_HAL_Driver/Src/stm32f7xx_hal_i2c.o
                                      0xf1766 (size before relaxing)
 .debug_str     0x00000000000f67ea      0x474 ./Drivers/STM32F7xx_HAL_Driver/Src/stm32f7xx_hal_ltdc.o
                                      0xf0ae1 (size before relaxing)
 .debug_str     0x00000000000f6c5e      0x1d1 ./Drivers/STM32F7xx_HAL_Driver/Src/stm32f7xx_hal_pwr_ex.o
                                      0xf07bf (size before relaxing)
 .debug_str     0x00000000000f6e2f      0x211 ./Drivers/STM32F7xx_HAL_Driver/Src/stm32f7xx_hal_rcc.o
                                      0xf08b2 (size before relaxing)
 .debug_str     0x00000000000f7040      0x12a ./Drivers/STM32F7xx_HAL_Driver/Src/stm32f7xx_hal_rcc_ex.o
                                      0xf07ea (size before relaxing)
 .debug_str     0x00000000000f716a      0x2ec ./Drivers/STM32F7xx_HAL_Driver/Src/stm32f7xx_hal_sai.o
                                      0xf0c85 (size before relaxing)
 .debug_str     0x00000000000f7456      0x3c2 ./Drivers/STM32F7xx_HAL_Driver/Src/stm32f7xx_hal_sdram.o
                                      0xf0b9d (size before relaxing)
 .debug_str     0x00000000000f7818      0xe73 ./Drivers/STM32F7xx_HAL_Driver/Src/stm32f7xx_hal_tim.o
                                      0xf1863 (size before relaxing)
 .debug_str     0x00000000000f868b      0x561 ./Drivers/STM32F7xx_HAL_Driver/Src/stm32f7xx_hal_tim_ex.o
                                      0xf10b9 (size before relaxing)
 .debug_str     0x00000000000f8bec      0x83b ./Drivers/STM32F7xx_HAL_Driver/Src/stm32f7xx_hal_uart.o
                                      0xf11ff (size before relaxing)
 .debug_str     0x00000000000f9427      0x764 ./Drivers/STM32F7xx_HAL_Driver/Src/stm32f7xx_ll_fmc.o
                                      0xf0d61 (size before relaxing)

.debug_frame    0x0000000000000000     0x6ad8
 .debug_frame   0x0000000000000000      0x19c ./Core/Src/main.o
 .debug_frame   0x000000000000019c      0x1f0 ./Core/Src/stm32f7xx_hal_msp.o
 .debug_frame   0x000000000000038c       0x74 ./Core/Src/stm32f7xx_hal_timebase_tim.o
 .debug_frame   0x0000000000000400      0x140 ./Core/Src/stm32f7xx_it.o
 .debug_frame   0x0000000000000540       0x58 ./Core/Src/system_stm32f7xx.o
 .debug_frame   0x0000000000000598      0x1e8 ./Drivers/BSP/Components/wm8994/wm8994.o
 .debug_frame   0x0000000000000780      0x4b0 ./Drivers/BSP/STM32746G-Discovery/stm32746g_discovery.o
 .debug_frame   0x0000000000000c30      0x588 ./Drivers/BSP/STM32746G-Discovery/stm32746g_discovery_audio.o
 .debug_frame   0x00000000000011b8      0x3b4 ./Drivers/STM32F7xx_HAL_Driver/Src/stm32f7xx_hal.o
 .debug_frame   0x000000000000156c      0x498 ./Drivers/STM32F7xx_HAL_Driver/Src/stm32f7xx_hal_cortex.o
 .debug_frame   0x0000000000001a04      0x250 ./Drivers/STM32F7xx_HAL_Driver/Src/stm32f7xx_hal_dma.o
 .debug_frame   0x0000000000001c54      0x4e0 ./Drivers/STM32F7xx_HAL_Driver/Src/stm32f7xx_hal_dma2d.o
 .debug_frame   0x0000000000002134      0x14c ./Drivers/STM32F7xx_HAL_Driver/Src/stm32f7xx_hal_gpio.o
 .debug_frame   0x0000000000002280      0xc34 ./Drivers/STM32F7xx_HAL_Driver/Src/stm32f7xx_hal_i2c.o
 .debug_frame   0x0000000000002eb4      0x61c ./Drivers/STM32F7xx_HAL_Driver/Src/stm32f7xx_hal_ltdc.o
 .debug_frame   0x00000000000034d0      0x1c8 ./Drivers/STM32F7xx_HAL_Driver/Src/stm32f7xx_hal_pwr_ex.o
 .debug_frame   0x0000000000003698      0x1f8 ./Drivers/STM32F7xx_HAL_Driver/Src/stm32f7xx_hal_rcc.o
 .debug_frame   0x0000000000003890      0x118 ./Drivers/STM32F7xx_HAL_Driver/Src/stm32f7xx_hal_rcc_ex.o
 .debug_frame   0x00000000000039a8      0x698 ./Drivers/STM32F7xx_HAL_Driver/Src/stm32f7xx_hal_sai.o
 .debug_frame   0x0000000000004040      0x3e8 ./Drivers/STM32F7xx_HAL_Driver/Src/stm32f7xx_hal_sdram.o
 .debug_frame   0x0000000000004428     0x121c ./Drivers/STM32F7xx_HAL_Driver/Src/stm32f7xx_hal_tim.o
 .debug_frame   0x0000000000005644      0x688 ./Drivers/STM32F7xx_HAL_Driver/Src/stm32f7xx_hal_tim_ex.o
 .debug_frame   0x0000000000005ccc      0x9e4 ./Drivers/STM32F7xx_HAL_Driver/Src/stm32f7xx_hal_uart.o
 .debug_frame   0x00000000000066b0      0x37c ./Drivers/STM32F7xx_HAL_Driver/Src/stm32f7xx_ll_fmc.o
 .debug_frame   0x0000000000006a2c       0x20 C:/ST/STM32CubeIDE_1.14.0/STM32CubeIDE/plugins/com.st.stm32cube.ide.mcu.externaltools.gnu-tools-for-stm32.11.3.rel1.win32_1.1.100.202309141235/tools/bin/../lib/gcc/arm-none-eabi/11.3.1/../../../../arm-none-eabi/lib/thumb/v7e-m+fp/hard\libc_nano.a(libc_a-memset.o)
 .debug_frame   0x0000000000006a4c       0x2c C:/ST/STM32CubeIDE_1.14.0/STM32CubeIDE/plugins/com.st.stm32cube.ide.mcu.externaltools.gnu-tools-for-stm32.11.3.rel1.win32_1.1.100.202309141235/tools/bin/../lib/gcc/arm-none-eabi/11.3.1/../../../../arm-none-eabi/lib/thumb/v7e-m+fp/hard\libc_nano.a(libc_a-init.o)
 .debug_frame   0x0000000000006a78       0x2c C:/ST/STM32CubeIDE_1.14.0/STM32CubeIDE/plugins/com.st.stm32cube.ide.mcu.externaltools.gnu-tools-for-stm32.11.3.rel1.win32_1.1.100.202309141235/tools/bin/../lib/gcc/arm-none-eabi/11.3.1/thumb/v7e-m+fp/hard\libgcc.a(_aeabi_uldivmod.o)
 .debug_frame   0x0000000000006aa4       0x34 C:/ST/STM32CubeIDE_1.14.0/STM32CubeIDE/plugins/com.st.stm32cube.ide.mcu.externaltools.gnu-tools-for-stm32.11.3.rel1.win32_1.1.100.202309141235/tools/bin/../lib/gcc/arm-none-eabi/11.3.1/thumb/v7e-m+fp/hard\libgcc.a(_udivmoddi4.o)

.debug_line_str
                0x0000000000000000       0x63
 .debug_line_str
                0x0000000000000000       0x63 ./Core/Startup/startup_stm32f746nghx.o
                                         0x7b (size before relaxing)
