../Drivers/TouchScreenLCD/ili9341.c:62:6:ili9341_rst_h	0	static
../Drivers/TouchScreenLCD/ili9341.c:67:6:ili9341_rst_l	0	static
../Drivers/TouchScreenLCD/ili9341.c:72:6:ILI9341_Init	16	static
../Drivers/TouchScreenLCD/ili9341.c:196:6:ILI9341_SetWindow	32	static
../Drivers/TouchScreenLCD/ili9341.c:213:6:ILI9341_WritePixel	24	static
../Drivers/TouchScreenLCD/ili9341.c:242:6:ILI9341_DrawBitmap	32	static
../Drivers/TouchScreenLCD/ili9341.c:265:6:ILI9341_EndOfDrawBitmap	0	static
../Drivers/TouchScreenLCD/ili9341.c:274:6:ILI9341_Reset	8	static
../Drivers/TouchScreenLCD/ili9341.c:284:6:ILI9341_SoftReset	16	static
../Drivers/TouchScreenLCD/ili9341.c:295:6:LCD_WR_REG	16	static
../Drivers/TouchScreenLCD/ili9341.c:311:6:LCD_IO_WriteMultipleData	16	static
