../Drivers/TouchScreenLCD/ili9341.c:62:6:ili9341_rst_h	8	static
../Drivers/TouchScreenLCD/ili9341.c:67:6:ili9341_rst_l	8	static
../Drivers/TouchScreenLCD/ili9341.c:72:6:ILI9341_Init	8	static
../Drivers/TouchScreenLCD/ili9341.c:196:6:ILI9341_SetWindow	24	static
../Drivers/TouchScreenLCD/ili9341.c:213:6:ILI9341_WritePixel	24	static
../Drivers/TouchScreenLCD/ili9341.c:227:13:ConvHL	24	static
../Drivers/TouchScreenLCD/ili9341.c:242:6:ILI9341_DrawBitmap	16	static
../Drivers/TouchScreenLCD/ili9341.c:265:6:ILI9341_EndOfDrawBitmap	4	static
../Drivers/TouchScreenLCD/ili9341.c:274:6:ILI9341_Reset	8	static
../Drivers/TouchScreenLCD/ili9341.c:284:6:ILI9341_SoftReset	16	static
../Drivers/TouchScreenLCD/ili9341.c:295:6:LCD_WR_REG	16	static
../Drivers/TouchScreenLCD/ili9341.c:303:13:LCD_WR_DATA	16	static
../Drivers/TouchScreenLCD/ili9341.c:311:6:LCD_IO_WriteMultipleData	16	static
../Drivers/TouchScreenLCD/ili9341.c:330:13:LCD_direction	16	static
../Drivers/TouchScreenLCD/ili9341.c:352:13:RESET_L	8	static
../Drivers/TouchScreenLCD/ili9341.c:357:13:RESET_H	8	static
../Drivers/TouchScreenLCD/ili9341.c:362:13:CS_L	8	static
../Drivers/TouchScreenLCD/ili9341.c:367:13:DC_L	8	static
../Drivers/TouchScreenLCD/ili9341.c:372:13:DC_H	8	static
../Drivers/TouchScreenLCD/ili9341.c:377:13:LED_H	4	static
