../Core/Src/ILI9341_STM32_Driver.c:14:6:HAL_SPI_TxCpltCallback	16	static
../Core/Src/ILI9341_STM32_Driver.c:23:13:ILI9341_SPI_Tx	16	static
../Core/Src/ILI9341_STM32_Driver.c:30:13:ILI9341_SPI_TxBuffer	16	static
../Core/Src/ILI9341_STM32_Driver.c:37:6:ILI9341_WriteCommand	16	static
../Core/Src/ILI9341_STM32_Driver.c:45:6:ILI9341_WriteData	16	static
../Core/Src/ILI9341_STM32_Driver.c:53:6:ILI9341_WriteBuffer	16	static
../Core/Src/ILI9341_STM32_Driver.c:61:6:ILI9341_SetAddress	32	static
../Core/Src/ILI9341_STM32_Driver.c:83:6:ILI9341_Reset	8	static
../Core/Src/ILI9341_STM32_Driver.c:93:6:ILI9341_Enable	8	static
../Core/Src/ILI9341_STM32_Driver.c:98:6:ILI9341_Init	8	static
../Core/Src/ILI9341_STM32_Driver.c:234:6:ILI9341_SetRotation	16	static
../Core/Src/ILI9341_STM32_Driver.c:266:6:ILI9341_DrawColor	24	static
../Core/Src/ILI9341_STM32_Driver.c:272:6:ILI9341_DrawColorBurst	80	dynamic
../Core/Src/ILI9341_STM32_Driver.c:313:6:ILI9341_FillScreen	16	static
../Core/Src/ILI9341_STM32_Driver.c:319:6:ILI9341_DrawPixel	32	static
../Core/Src/ILI9341_STM32_Driver.c:337:6:ILI9341_DrawRectangle	24	static
../Core/Src/ILI9341_STM32_Driver.c:355:6:ILI9341_DrawHLine	24	static
../Core/Src/ILI9341_STM32_Driver.c:368:6:ILI9341_DrawVLine	24	static
