../Core/Src/main.c:120:5:main	16	static
../Core/Src/main.c:188:6:SystemClock_Config	88	static
../Core/Src/main.c:237:6:PeriphCommonClock_Config	144	static
../Core/Src/main.c:262:13:MX_ETH_Init	8	static
../Core/Src/main.c:311:13:MX_I2C2_Init	8	static
../Core/Src/main.c:359:13:MX_SAI1_Init	8	static
../Core/Src/main.c:407:13:MX_USART3_UART_Init	8	static
../Core/Src/main.c:442:13:MX_USB_OTG_FS_PCD_Init	8	static
../Core/Src/main.c:477:13:MX_GPIO_Init	64	static
../Core/Src/main.c:530:6:WM8731I2CCommand	32	static
../Core/Src/main.c:546:6:Error_Handler	4	static,ignoring_inline_asm
