../Core/Src/main.c:120:5:main	16	static
../Core/Src/main.c:198:6:SystemClock_Config	88	static
../Core/Src/main.c:247:6:PeriphCommonClock_Config	144	static
../Core/Src/main.c:272:13:MX_ETH_Init	8	static
../Core/Src/main.c:321:13:MX_I2C2_Init	8	static
../Core/Src/main.c:369:13:MX_SAI1_Init	8	static
../Core/Src/main.c:416:13:MX_USART3_UART_Init	8	static
../Core/Src/main.c:451:13:MX_USB_OTG_FS_PCD_Init	8	static
../Core/Src/main.c:486:13:MX_GPIO_Init	64	static
../Core/Src/main.c:539:6:WM8731I2CCommand	32	static
../Core/Src/main.c:555:6:Error_Handler	4	static,ignoring_inline_asm
